Archive member included to satisfy reference by file (symbol)

d:/iti/01-assaf/arm_sdk/winarm/armgcc/bin/../lib/gcc/arm-none-eabi/7.2.1/../../../../arm-none-eabi/lib/thumb/v7-m\libg_nano.a(lib_a-errno.o)
                              ./system/src/newlib/_sbrk.o (__errno)
d:/iti/01-assaf/arm_sdk/winarm/armgcc/bin/../lib/gcc/arm-none-eabi/7.2.1/../../../../arm-none-eabi/lib/thumb/v7-m\libg_nano.a(lib_a-impure.o)
                              d:/iti/01-assaf/arm_sdk/winarm/armgcc/bin/../lib/gcc/arm-none-eabi/7.2.1/../../../../arm-none-eabi/lib/thumb/v7-m\libg_nano.a(lib_a-errno.o) (_impure_ptr)
d:/iti/01-assaf/arm_sdk/winarm/armgcc/bin/../lib/gcc/arm-none-eabi/7.2.1/../../../../arm-none-eabi/lib/thumb/v7-m\libg_nano.a(lib_a-strlen.o)
                              ./system/src/diag/Trace.o (strlen)
d:/iti/01-assaf/arm_sdk/winarm/armgcc/bin/../lib/gcc/arm-none-eabi/7.2.1/../../../../arm-none-eabi/lib/thumb/v7-m\libg_nano.a(lib_a-vsnprintf.o)
                              ./system/src/diag/Trace.o (vsnprintf)
d:/iti/01-assaf/arm_sdk/winarm/armgcc/bin/../lib/gcc/arm-none-eabi/7.2.1/../../../../arm-none-eabi/lib/thumb/v7-m\libg_nano.a(lib_a-nano-svfprintf.o)
                              d:/iti/01-assaf/arm_sdk/winarm/armgcc/bin/../lib/gcc/arm-none-eabi/7.2.1/../../../../arm-none-eabi/lib/thumb/v7-m\libg_nano.a(lib_a-vsnprintf.o) (_svfprintf_r)
d:/iti/01-assaf/arm_sdk/winarm/armgcc/bin/../lib/gcc/arm-none-eabi/7.2.1/../../../../arm-none-eabi/lib/thumb/v7-m\libg_nano.a(lib_a-nano-vfprintf_i.o)
                              d:/iti/01-assaf/arm_sdk/winarm/armgcc/bin/../lib/gcc/arm-none-eabi/7.2.1/../../../../arm-none-eabi/lib/thumb/v7-m\libg_nano.a(lib_a-nano-svfprintf.o) (_printf_i)
d:/iti/01-assaf/arm_sdk/winarm/armgcc/bin/../lib/gcc/arm-none-eabi/7.2.1/../../../../arm-none-eabi/lib/thumb/v7-m\libg_nano.a(lib_a-memchr-stub.o)
                              d:/iti/01-assaf/arm_sdk/winarm/armgcc/bin/../lib/gcc/arm-none-eabi/7.2.1/../../../../arm-none-eabi/lib/thumb/v7-m\libg_nano.a(lib_a-nano-svfprintf.o) (memchr)
d:/iti/01-assaf/arm_sdk/winarm/armgcc/bin/../lib/gcc/arm-none-eabi/7.2.1/../../../../arm-none-eabi/lib/thumb/v7-m\libg_nano.a(lib_a-memcpy-stub.o)
                              d:/iti/01-assaf/arm_sdk/winarm/armgcc/bin/../lib/gcc/arm-none-eabi/7.2.1/../../../../arm-none-eabi/lib/thumb/v7-m\libg_nano.a(lib_a-nano-svfprintf.o) (memcpy)
d:/iti/01-assaf/arm_sdk/winarm/armgcc/bin/../lib/gcc/arm-none-eabi/7.2.1/../../../../arm-none-eabi/lib/thumb/v7-m\libg_nano.a(lib_a-memmove.o)
                              d:/iti/01-assaf/arm_sdk/winarm/armgcc/bin/../lib/gcc/arm-none-eabi/7.2.1/../../../../arm-none-eabi/lib/thumb/v7-m\libg_nano.a(lib_a-nano-svfprintf.o) (memmove)
d:/iti/01-assaf/arm_sdk/winarm/armgcc/bin/../lib/gcc/arm-none-eabi/7.2.1/../../../../arm-none-eabi/lib/thumb/v7-m\libg_nano.a(lib_a-nano-freer.o)
                              d:/iti/01-assaf/arm_sdk/winarm/armgcc/bin/../lib/gcc/arm-none-eabi/7.2.1/../../../../arm-none-eabi/lib/thumb/v7-m\libg_nano.a(lib_a-nano-svfprintf.o) (_free_r)
d:/iti/01-assaf/arm_sdk/winarm/armgcc/bin/../lib/gcc/arm-none-eabi/7.2.1/../../../../arm-none-eabi/lib/thumb/v7-m\libg_nano.a(lib_a-nano-mallocr.o)
                              d:/iti/01-assaf/arm_sdk/winarm/armgcc/bin/../lib/gcc/arm-none-eabi/7.2.1/../../../../arm-none-eabi/lib/thumb/v7-m\libg_nano.a(lib_a-nano-svfprintf.o) (_malloc_r)
d:/iti/01-assaf/arm_sdk/winarm/armgcc/bin/../lib/gcc/arm-none-eabi/7.2.1/../../../../arm-none-eabi/lib/thumb/v7-m\libg_nano.a(lib_a-nano-reallocr.o)
                              d:/iti/01-assaf/arm_sdk/winarm/armgcc/bin/../lib/gcc/arm-none-eabi/7.2.1/../../../../arm-none-eabi/lib/thumb/v7-m\libg_nano.a(lib_a-nano-svfprintf.o) (_realloc_r)
d:/iti/01-assaf/arm_sdk/winarm/armgcc/bin/../lib/gcc/arm-none-eabi/7.2.1/../../../../arm-none-eabi/lib/thumb/v7-m\libg_nano.a(lib_a-sbrkr.o)
                              d:/iti/01-assaf/arm_sdk/winarm/armgcc/bin/../lib/gcc/arm-none-eabi/7.2.1/../../../../arm-none-eabi/lib/thumb/v7-m\libg_nano.a(lib_a-nano-mallocr.o) (_sbrk_r)
d:/iti/01-assaf/arm_sdk/winarm/armgcc/bin/../lib/gcc/arm-none-eabi/7.2.1/../../../../arm-none-eabi/lib/thumb/v7-m\libg_nano.a(lib_a-mlock.o)
                              d:/iti/01-assaf/arm_sdk/winarm/armgcc/bin/../lib/gcc/arm-none-eabi/7.2.1/../../../../arm-none-eabi/lib/thumb/v7-m\libg_nano.a(lib_a-nano-freer.o) (__malloc_lock)
d:/iti/01-assaf/arm_sdk/winarm/armgcc/bin/../lib/gcc/arm-none-eabi/7.2.1/../../../../arm-none-eabi/lib/thumb/v7-m\libg_nano.a(lib_a-nano-msizer.o)
                              d:/iti/01-assaf/arm_sdk/winarm/armgcc/bin/../lib/gcc/arm-none-eabi/7.2.1/../../../../arm-none-eabi/lib/thumb/v7-m\libg_nano.a(lib_a-nano-reallocr.o) (_malloc_usable_size_r)

Allocating common symbols
Common symbol       size              file

errno               0x4               ./system/src/newlib/_syscalls.o
DC_motor_ForwardPin
                    0xc               ./src/DC.o
DC_motor_BackwardPin
[...]
Memory Configuration

Name             Origin             Length             Attributes
RAM              0x20000000         0x00005000         xrw
CCMRAM           0x00000000         0x00000000         xrw
FLASH            0x08005000         0x0000b000         xr
FLASHB1          0x00000000         0x00000000         xr
EXTMEMB0         0x00000000         0x00000000         xr
EXTMEMB1         0x00000000         0x00000000         xr
EXTMEMB2         0x00000000         0x00000000         xr
EXTMEMB3         0x00000000         0x00000000         xr
MEMORY_ARRAY     0x00000000         0x00000000         xrw
*default*        0x00000000         0xffffffff

Linker script and memory map

LOAD ./system/src/stm32f1-stdperiph/misc.o
LOAD ./system/src/stm32f1-stdperiph/stm32f10x_gpio.o
LOAD ./system/src/stm32f1-stdperiph/stm32f10x_rcc.o
LOAD ./system/src/newlib/_cxx.o
LOAD ./system/src/newlib/_exit.o
LOAD ./system/src/newlib/_sbrk.o
LOAD ./system/src/newlib/_startup.o
LOAD ./system/src/newlib/_syscalls.o
LOAD ./system/src/newlib/assert.o
LOAD ./system/src/diag/Trace.o
LOAD ./system/src/diag/trace_impl.o
LOAD ./system/src/cortexm/_initialize_hardware.o
LOAD ./system/src/cortexm/_reset_hardware.o
LOAD ./system/src/cortexm/exception_handlers.o
LOAD ./system/src/cmsis/system_stm32f10x.o
LOAD ./system/src/cmsis/vectors_stm32f10x.o
LOAD ./src/DC.o
LOAD ./src/ESP8266_program.o
LOAD ./src/FLASH.o
LOAD ./src/GPIO.o
LOAD ./src/HUSART_program.o
LOAD ./src/NVIC_program.o
LOAD ./src/RCC.o
LOAD ./src/USART_program.o
LOAD ./src/main.o
LOAD d:/iti/01-assaf/arm_sdk/winarm/armgcc/bin/../lib/gcc/arm-none-eabi/7.2.1/../../../../arm-none-eabi/lib/thumb/v7-m\libstdc++_nano.a
LOAD d:/iti/01-assaf/arm_sdk/winarm/armgcc/bin/../lib/gcc/arm-none-eabi/7.2.1/../../../../arm-none-eabi/lib/thumb/v7-m\libm.a
START GROUP
LOAD d:/iti/01-assaf/arm_sdk/winarm/armgcc/bin/../lib/gcc/arm-none-eabi/7.2.1/thumb/v7-m\libgcc.a
LOAD d:/iti/01-assaf/arm_sdk/winarm/armgcc/bin/../lib/gcc/arm-none-eabi/7.2.1/../../../../arm-none-eabi/lib/thumb/v7-m\libg_nano.a
LOAD d:/iti/01-assaf/arm_sdk/winarm/armgcc/bin/../lib/gcc/arm-none-eabi/7.2.1/../../../../arm-none-eabi/lib/thumb/v7-m\libc_nano.a
END GROUP
START GROUP
LOAD d:/iti/01-assaf/arm_sdk/winarm/armgcc/bin/../lib/gcc/arm-none-eabi/7.2.1/thumb/v7-m\libgcc.a
LOAD d:/iti/01-assaf/arm_sdk/winarm/armgcc/bin/../lib/gcc/arm-none-eabi/7.2.1/../../../../arm-none-eabi/lib/thumb/v7-m\libc_nano.a
END GROUP
                0x20005000                __stack = (ORIGIN (RAM) + LENGTH (RAM))
                0x20005000                _estack = __stack
                0x00000400                __Main_Stack_Size = 0x400
                [!provide]                PROVIDE (_Main_Stack_Size, __Main_Stack_Size)
                0x20004c00                __Main_Stack_Limit = (__stack - __Main_Stack_Size)
                [!provide]                PROVIDE (_Main_Stack_Limit, __Main_Stack_Limit)
                0x00000100                _Minimum_Stack_Size = 0x100
                0x20000290                PROVIDE (_Heap_Begin, _end_noinit)
                0x20004c00                PROVIDE (_Heap_Limit, (__stack - __Main_Stack_Size))

.isr_vector     0x08005000      0x350
 FILL mask 0xff
                0x08005000                __vectors_start = ABSOLUTE (.)
                0x08005000                __vectors_start__ = ABSOLUTE (.)
 *(.isr_vector)
 .isr_vector    0x08005000      0x10c ./system/src/cmsis/vectors_stm32f10x.o
                0x08005000                __isr_vectors
 *(.cfmconfig)
 *(.after_vectors .after_vectors.*)
 .after_vectors
                0x0800510c      0x114 ./system/src/newlib/_startup.o
                0x0800510c                _start
 .after_vectors
                0x08005220      0x12c ./system/src/cortexm/exception_handlers.o
                0x08005220                Reset_Handler
                0x08005226                NMI_Handler
                0x0800522a                HardFault_Handler
                0x0800523e                HardFault_Handler_C
                0x0800529c                MemManage_Handler
                0x080052a0                BusFault_Handler
                0x080052b4                BusFault_Handler_C
                0x080052e8                UsageFault_Handler
                0x080052fc                UsageFault_Handler_C
                0x08005330                SVC_Handler
                0x08005334                DebugMon_Handler
                0x08005338                PendSV_Handler
                0x0800533c                SysTick_Handler
 .after_vectors
                0x0800534c        0x4 ./system/src/cmsis/vectors_stm32f10x.o
                0x0800534c                EXTI2_IRQHandler
                0x0800534c                TIM8_TRG_COM_IRQHandler
                0x0800534c                TIM8_CC_IRQHandler
                0x0800534c                TIM1_CC_IRQHandler
                0x0800534c                TIM6_IRQHandler
                0x0800534c                PVD_IRQHandler
                0x0800534c                SDIO_IRQHandler
                0x0800534c                CAN2_RX1_IRQHandler
                0x0800534c                EXTI3_IRQHandler
                0x0800534c                TIM8_TRG_COM_TIM14_IRQHandler
                0x0800534c                TIM1_UP_TIM10_IRQHandler
                0x0800534c                TIM8_UP_TIM13_IRQHandler
                0x0800534c                EXTI0_IRQHandler
                0x0800534c                I2C2_EV_IRQHandler
                0x0800534c                CAN1_RX0_IRQHandler
                0x0800534c                TIM1_UP_TIM16_IRQHandler
                0x0800534c                CAN2_SCE_IRQHandler
                0x0800534c                ADC1_2_IRQHandler
                0x0800534c                SPI1_IRQHandler
                0x0800534c                TAMPER_IRQHandler
                0x0800534c                TIM6_DAC_IRQHandler
                0x0800534c                TIM1_BRK_TIM9_IRQHandler
                0x0800534c                CAN2_RX0_IRQHandler
                0x0800534c                TIM8_UP_IRQHandler
                0x0800534c                DMA2_Channel2_IRQHandler
                0x0800534c                DMA1_Channel4_IRQHandler
                0x0800534c                USART3_IRQHandler
                0x0800534c                RTC_IRQHandler
                0x0800534c                DMA1_Channel7_IRQHandler
                0x0800534c                CAN1_RX1_IRQHandler
                0x0800534c                UART5_IRQHandler
                0x0800534c                ADC3_IRQHandler
                0x0800534c                TIM4_IRQHandler
                0x0800534c                DMA2_Channel1_IRQHandler
                0x0800534c                I2C1_EV_IRQHandler
                0x0800534c                DMA1_Channel6_IRQHandler
                0x0800534c                UART4_IRQHandler
                0x0800534c                DMA2_Channel4_IRQHandler
                0x0800534c                TIM3_IRQHandler
                0x0800534c                RCC_IRQHandler
                0x0800534c                TIM8_BRK_TIM12_IRQHandler
                0x0800534c                TIM1_TRG_COM_IRQHandler
                0x0800534c                DMA1_Channel1_IRQHandler
                0x0800534c                Default_Handler
                0x0800534c                CEC_IRQHandler
                0x0800534c                EXTI15_10_IRQHandler
                0x0800534c                TIM14_IRQHandler
                0x0800534c                TIM13_IRQHandler
                0x0800534c                TIM12_IRQHandler
                0x0800534c                TIM7_IRQHandler
                0x0800534c                CAN2_TX_IRQHandler
                0x0800534c                TIM5_IRQHandler
                0x0800534c                EXTI9_5_IRQHandler
                0x0800534c                ETH_WKUP_IRQHandler
                0x0800534c                SPI2_IRQHandler
                0x0800534c                CAN1_TX_IRQHandler
                0x0800534c                DMA2_Channel5_IRQHandler
                0x0800534c                DMA1_Channel5_IRQHandler
                0x0800534c                EXTI4_IRQHandler
                0x0800534c                USB_LP_CAN1_RX0_IRQHandler
                0x0800534c                TIM1_TRG_COM_TIM17_IRQHandler
                0x0800534c                USB_HP_CAN1_TX_IRQHandler
                0x0800534c                DMA1_Channel3_IRQHandler
                0x0800534c                FSMC_IRQHandler
                0x0800534c                ETH_IRQHandler
                0x0800534c                TIM1_UP_IRQHandler
                0x0800534c                WWDG_IRQHandler
                0x0800534c                TIM2_IRQHandler
                0x0800534c                OTG_FS_WKUP_IRQHandler
                0x0800534c                TIM1_TRG_COM_TIM11_IRQHandler
                0x0800534c                TIM1_BRK_IRQHandler
                0x0800534c                EXTI1_IRQHandler
                0x0800534c                RTCAlarm_IRQHandler
                0x0800534c                DMA2_Channel4_5_IRQHandler
                0x0800534c                I2C2_ER_IRQHandler
                0x0800534c                DMA1_Channel2_IRQHandler
                0x0800534c                TIM8_BRK_IRQHandler
                0x0800534c                CAN1_SCE_IRQHandler
                0x0800534c                FLASH_IRQHandler
                0x0800534c                OTG_FS_IRQHandler
                0x0800534c                SPI3_IRQHandler
                0x0800534c                I2C1_ER_IRQHandler
                0x0800534c                USBWakeUp_IRQHandler
                0x0800534c                DMA2_Channel3_IRQHandler
                0x0800534c                TIM1_BRK_TIM15_IRQHandler

.inits          0x08005350       0x28
                0x08005350                __data_regions_array_start = .
                0x08005350        0x4 LONG 0x80072ec LOADADDR (.data)
                0x08005354        0x4 LONG 0x20000000 ADDR (.data)
                0x08005358        0x4 LONG 0x20000088 (ADDR (.data) + SIZEOF (.data))
                0x0800535c        0x4 LONG 0x80072ec LOADADDR (.data_CCMRAM)
                0x08005360        0x4 LONG 0x0 ADDR (.data_CCMRAM)
                0x08005364        0x4 LONG 0x0 (ADDR (.data_CCMRAM) + SIZEOF (.data_CCMRAM))
                0x08005368                __data_regions_array_end = .
                0x08005368                __bss_regions_array_start = .
                0x08005368        0x4 LONG 0x20000088 ADDR (.bss)
                0x0800536c        0x4 LONG 0x20000290 (ADDR (.bss) + SIZEOF (.bss))
                0x08005370        0x4 LONG 0x0 ADDR (.bss_CCMRAM)
                0x08005374        0x4 LONG 0x0 (ADDR (.bss_CCMRAM) + SIZEOF (.bss_CCMRAM))
                0x08005378                __bss_regions_array_end = .
 *(.init)
 *(.fini)
                0x08005378                . = ALIGN (0x4)
                0x08005378                PROVIDE (__preinit_array_start, .)
 *(.preinit_array_sysinit .preinit_array_sysinit.*)
 *(.preinit_array_platform .preinit_array_platform.*)
 *(.preinit_array .preinit_array.*)
                0x08005378                PROVIDE (__preinit_array_end, .)
                0x08005378                . = ALIGN (0x4)
                0x08005378                PROVIDE (__init_array_start, .)
 *(SORT_BY_NAME(.init_array.*))
 *(.init_array)
                0x08005378                PROVIDE (__init_array_end, .)
                0x08005378                . = ALIGN (0x4)
                0x08005378                PROVIDE (__fini_array_start, .)
 *(SORT_BY_NAME(.fini_array.*))
 *(.fini_array)
                0x08005378                PROVIDE (__fini_array_end, .)

.flashtext
 *(.flashtext .flashtext.*)

.text           0x08005378     0x1f73
 *(.text .text.*)
 .text._exit    0x08005378        0x2 ./system/src/newlib/_exit.o
                0x08005378                _exit
 *fill*         0x0800537a        0x2 
 .text._sbrk    0x0800537c       0x44 ./system/src/newlib/_sbrk.o
                0x0800537c                _sbrk
 .text.__initialize_args
                0x080053c0       0x10 ./system/src/newlib/_syscalls.o
                0x080053c0                __initialize_args
 .text.trace_printf
                0x080053d0       0x30 ./system/src/diag/Trace.o
                0x080053d0                trace_printf
 .text._trace_write_semihosting_debug
                0x08005400       0x60 ./system/src/diag/trace_impl.o
 .text.trace_write
                0x08005460        0x8 ./system/src/diag/trace_impl.o
                0x08005460                trace_write
 .text.__initialize_hardware_early
                0x08005468       0x18 ./system/src/cortexm/_initialize_hardware.o
                0x08005468                __initialize_hardware_early
 .text.__initialize_hardware
                0x08005480        0x8 ./system/src/cortexm/_initialize_hardware.o
                0x08005480                __initialize_hardware
 .text.dumpExceptionStack
                0x08005488       0xf4 ./system/src/cortexm/exception_handlers.o
                0x08005488                dumpExceptionStack
 .text.isSemihosting
                0x0800557c       0x20 ./system/src/cortexm/exception_handlers.o
                0x0800557c                isSemihosting
 .text.SetSysClockTo72
                0x0800559c       0xc4 ./system/src/cmsis/system_stm32f10x.o
 .text.SetSysClock
                0x08005660        0x8 ./system/src/cmsis/system_stm32f10x.o
 .text.SystemInit
                0x08005668       0x50 ./system/src/cmsis/system_stm32f10x.o
                0x08005668                SystemInit
 .text.SystemCoreClockUpdate
                0x080056b8       0x94 ./system/src/cmsis/system_stm32f10x.o
                0x080056b8                SystemCoreClockUpdate
 .text.DC_init  0x0800574c       0x34 ./src/DC.o
                0x0800574c                DC_init
 .text.DC_GoBackward
                0x08005780       0x28 ./src/DC.o
                0x08005780                DC_GoBackward
 .text.ReceiveTxCBF
                0x080057a8        0x2 ./src/ESP8266_program.o
                0x080057a8                ReceiveTxCBF
 .text.InitTxCBF
                0x080057aa        0x2 ./src/ESP8266_program.o
                0x080057aa                InitTxCBF
 .text.ReceiveRxCBF
                0x080057ac      0x1f4 ./src/ESP8266_program.o
                0x080057ac                ReceiveRxCBF
 .text.InitRxCBF1
                0x080059a0      0x108 ./src/ESP8266_program.o
                0x080059a0                InitRxCBF1
 .text.InitRxCBF2
                0x08005aa8      0x194 ./src/ESP8266_program.o
                0x08005aa8                InitRxCBF2
 .text.AppInitCBF
                0x08005c3c       0x88 ./src/ESP8266_program.o
                0x08005c3c                AppInitCBF
 .text.ESP8266_SetReceiveCBF
                0x08005cc4        0xc ./src/ESP8266_program.o
                0x08005cc4                ESP8266_SetReceiveCBF
 .text.ESP8266_Init
                0x08005cd0       0xd8 ./src/ESP8266_program.o
                0x08005cd0                ESP8266_Init
 .text.ESP8266_Receive
                0x08005da8       0x58 ./src/ESP8266_program.o
                0x08005da8                ESP8266_Receive
 .text.ESP8266_AppInit
                0x08005e00       0x2c ./src/ESP8266_program.o
                0x08005e00                ESP8266_AppInit
 .text.FLASH_WriteWord
                0x08005e2c       0x68 ./src/FLASH.o
                0x08005e2c                FLASH_WriteWord
 .text.FLASH_Unlock
                0x08005e94       0x24 ./src/FLASH.o
                0x08005e94                FLASH_Unlock
 .text.FLASH_ErasePage
                0x08005eb8       0x5c ./src/FLASH.o
                0x08005eb8                FLASH_ErasePage
 .text.FLASH_Lock
                0x08005f14       0x20 ./src/FLASH.o
                0x08005f14                FLASH_Lock
 .text.DIO_Init
                0x08005f34       0x4c ./src/GPIO.o
                0x08005f34                DIO_Init
 .text.DIO_SetPinValue
                0x08005f80       0x1a ./src/GPIO.o
                0x08005f80                DIO_SetPinValue
 *fill*         0x08005f9a        0x2 
 .text.HUSART_Init
                0x08005f9c       0xd0 ./src/HUSART_program.o
                0x08005f9c                HUSART_Init
 .text.HUSART_Send
                0x0800606c       0x50 ./src/HUSART_program.o
                0x0800606c                HUSART_Send
 .text.HUSART_Receive
                0x080060bc       0x44 ./src/HUSART_program.o
                0x080060bc                HUSART_Receive
 .text.HUSART_SetTxCBF
                0x08006100       0x1c ./src/HUSART_program.o
                0x08006100                HUSART_SetTxCBF
 .text.HUSART_SetRxCBF
                0x0800611c       0x1c ./src/HUSART_program.o
                0x0800611c                HUSART_SetRxCBF
 .text.USART1_IRQHandler
                0x08006138       0xd0 ./src/HUSART_program.o
                0x08006138                USART1_IRQHandler
 .text.USART2_IRQHandler
                0x08006208       0xd0 ./src/HUSART_program.o
                0x08006208                USART2_IRQHandler
 .text.NVIC_ControlEnableInterrupt
                0x080062d8      0x2ea ./src/NVIC_program.o
                0x080062d8                NVIC_ControlEnableInterrupt
 .text.NVIC_ControlPendingFlag
                0x080065c2      0x1c4 ./src/NVIC_program.o
                0x080065c2                NVIC_ControlPendingFlag
 *fill*         0x08006786        0x2 
 .text.RCC_EnableAPB2Peripheral
                0x08006788       0x10 ./src/RCC.o
                0x08006788                RCC_EnableAPB2Peripheral
 .text.RCC_EnableAPB1Peripheral
                0x08006798       0x10 ./src/RCC.o
                0x08006798                RCC_EnableAPB1Peripheral
 .text.USART_Init
                0x080067a8       0x7c ./src/USART_program.o
                0x080067a8                USART_Init
 .text.USART_Send
                0x08006824       0x10 ./src/USART_program.o
                0x08006824                USART_Send
 .text.USART_Receive
                0x08006834       0x14 ./src/USART_program.o
                0x08006834                USART_Receive
 .text.USART_ReadFlags
                0x08006848       0x1c ./src/USART_program.o
                0x08006848                USART_ReadFlags
 .text.USART_ClearFlag
                0x08006864       0x14 ./src/USART_program.o
                0x08006864                USART_ClearFlag
 .text.main     0x08006878       0x10 ./src/main.o
                0x08006878                main
 .text.__errno  0x08006888        0xc d:/iti/01-assaf/arm_sdk/winarm/armgcc/bin/../lib/gcc/arm-none-eabi/7.2.1/../../../../arm-none-eabi/lib/thumb/v7-m\libg_nano.a(lib_a-errno.o)
                0x08006888                __errno
 .text._vsnprintf_r
                0x08006894       0x58 d:/iti/01-assaf/arm_sdk/winarm/armgcc/bin/../lib/gcc/arm-none-eabi/7.2.1/../../../../arm-none-eabi/lib/thumb/v7-m\libg_nano.a(lib_a-vsnprintf.o)
                0x08006894                _vsniprintf_r
                0x08006894                _vsnprintf_r
 .text.vsnprintf
                0x080068ec       0x1c d:/iti/01-assaf/arm_sdk/winarm/armgcc/bin/../lib/gcc/arm-none-eabi/7.2.1/../../../../arm-none-eabi/lib/thumb/v7-m\libg_nano.a(lib_a-vsnprintf.o)
                0x080068ec                vsniprintf
                0x080068ec                vsnprintf
 .text.__ssputs_r
                0x08006908       0xb4 d:/iti/01-assaf/arm_sdk/winarm/armgcc/bin/../lib/gcc/arm-none-eabi/7.2.1/../../../../arm-none-eabi/lib/thumb/v7-m\libg_nano.a(lib_a-nano-svfprintf.o)
                0x08006908                __ssputs_r
 .text._svfprintf_r
                0x080069bc      0x1ec d:/iti/01-assaf/arm_sdk/winarm/armgcc/bin/../lib/gcc/arm-none-eabi/7.2.1/../../../../arm-none-eabi/lib/thumb/v7-m\libg_nano.a(lib_a-nano-svfprintf.o)
                0x080069bc                _svfiprintf_r
                0x080069bc                _svfprintf_r
 .text._printf_common
                0x08006ba8       0xec d:/iti/01-assaf/arm_sdk/winarm/armgcc/bin/../lib/gcc/arm-none-eabi/7.2.1/../../../../arm-none-eabi/lib/thumb/v7-m\libg_nano.a(lib_a-nano-vfprintf_i.o)
                0x08006ba8                _printf_common
 .text._printf_i
                0x08006c94      0x224 d:/iti/01-assaf/arm_sdk/winarm/armgcc/bin/../lib/gcc/arm-none-eabi/7.2.1/../../../../arm-none-eabi/lib/thumb/v7-m\libg_nano.a(lib_a-nano-vfprintf_i.o)
                0x08006c94                _printf_i
 .text.memchr   0x08006eb8       0x1c d:/iti/01-assaf/arm_sdk/winarm/armgcc/bin/../lib/gcc/arm-none-eabi/7.2.1/../../../../arm-none-eabi/lib/thumb/v7-m\libg_nano.a(lib_a-memchr-stub.o)
                0x08006eb8                memchr
 .text.memcpy   0x08006ed4       0x16 d:/iti/01-assaf/arm_sdk/winarm/armgcc/bin/../lib/gcc/arm-none-eabi/7.2.1/../../../../arm-none-eabi/lib/thumb/v7-m\libg_nano.a(lib_a-memcpy-stub.o)
                0x08006ed4                memcpy
 .text.memmove  0x08006eea       0x32 d:/iti/01-assaf/arm_sdk/winarm/armgcc/bin/../lib/gcc/arm-none-eabi/7.2.1/../../../../arm-none-eabi/lib/thumb/v7-m\libg_nano.a(lib_a-memmove.o)
                0x08006eea                memmove
 .text._free_r  0x08006f1c       0x98 d:/iti/01-assaf/arm_sdk/winarm/armgcc/bin/../lib/gcc/arm-none-eabi/7.2.1/../../../../arm-none-eabi/lib/thumb/v7-m\libg_nano.a(lib_a-nano-freer.o)
                0x08006f1c                _free_r
 .text._malloc_r
                0x08006fb4       0xb4 d:/iti/01-assaf/arm_sdk/winarm/armgcc/bin/../lib/gcc/arm-none-eabi/7.2.1/../../../../arm-none-eabi/lib/thumb/v7-m\libg_nano.a(lib_a-nano-mallocr.o)
                0x08006fb4                _malloc_r
 .text._realloc_r
                0x08007068       0x4c d:/iti/01-assaf/arm_sdk/winarm/armgcc/bin/../lib/gcc/arm-none-eabi/7.2.1/../../../../arm-none-eabi/lib/thumb/v7-m\libg_nano.a(lib_a-nano-reallocr.o)
                0x08007068                _realloc_r
 .text._sbrk_r  0x080070b4       0x20 d:/iti/01-assaf/arm_sdk/winarm/armgcc/bin/../lib/gcc/arm-none-eabi/7.2.1/../../../../arm-none-eabi/lib/thumb/v7-m\libg_nano.a(lib_a-sbrkr.o)
                0x080070b4                _sbrk_r
 .text.__malloc_lock
                0x080070d4        0x2 d:/iti/01-assaf/arm_sdk/winarm/armgcc/bin/../lib/gcc/arm-none-eabi/7.2.1/../../../../arm-none-eabi/lib/thumb/v7-m\libg_nano.a(lib_a-mlock.o)
                0x080070d4                __malloc_lock
 .text.__malloc_unlock
                0x080070d6        0x2 d:/iti/01-assaf/arm_sdk/winarm/armgcc/bin/../lib/gcc/arm-none-eabi/7.2.1/../../../../arm-none-eabi/lib/thumb/v7-m\libg_nano.a(lib_a-mlock.o)
                0x080070d6                __malloc_unlock
 .text._malloc_usable_size_r
                0x080070d8       0x10 d:/iti/01-assaf/arm_sdk/winarm/armgcc/bin/../lib/gcc/arm-none-eabi/7.2.1/../../../../arm-none-eabi/lib/thumb/v7-m\libg_nano.a(lib_a-nano-msizer.o)
                0x080070d8                _malloc_usable_size_r
 *(.rodata .rodata.* .constdata .constdata.*)
 .rodata.dumpExceptionStack.str1.4
                0x080070e8      0x11a ./system/src/cortexm/exception_handlers.o
 *fill*         0x08007202        0x2 
 .rodata.str1.4
                0x08007204       0x2a ./system/src/cortexm/exception_handlers.o
 *fill*         0x0800722e        0x2 
 .rodata        0x08007230        0xa ./src/ESP8266_program.o
 *fill*         0x0800723a        0x2 
 .rodata.ESP8266_Init.str1.4
                0x0800723c       0x68 ./src/ESP8266_program.o
                                 0x65 (size before relaxing)
 .rodata.USART_ChannelsArray
                0x080072a4       0x14 ./src/USART_program.o
                0x080072a4                USART_ChannelsArray
 .rodata._svfprintf_r.str1.1
                0x080072b8       0x11 d:/iti/01-assaf/arm_sdk/winarm/armgcc/bin/../lib/gcc/arm-none-eabi/7.2.1/../../../../arm-none-eabi/lib/thumb/v7-m\libg_nano.a(lib_a-nano-svfprintf.o)
 .rodata._printf_i.str1.1
                0x080072c9       0x22 d:/iti/01-assaf/arm_sdk/winarm/armgcc/bin/../lib/gcc/arm-none-eabi/7.2.1/../../../../arm-none-eabi/lib/thumb/v7-m\libg_nano.a(lib_a-nano-vfprintf_i.o)
 *(vtable)
 *(.eh_frame*)
 *(.glue_7)
 .glue_7        0x080072eb        0x0 linker stubs
 *(.glue_7t)
 .glue_7t       0x080072eb        0x0 linker stubs

.vfp11_veneer   0x080072ec        0x0
 .vfp11_veneer  0x080072ec        0x0 linker stubs

.v4_bx          0x080072ec        0x0
 .v4_bx         0x080072ec        0x0 linker stubs

.iplt           0x080072ec        0x0
 .iplt          0x080072ec        0x0 ./system/src/newlib/_exit.o

.rel.dyn        0x080072ec        0x0
 .rel.iplt      0x080072ec        0x0 ./system/src/newlib/_exit.o

.ARM.extab
 *(.ARM.extab* .gnu.linkonce.armextab.*)
                0x080072ec                . = ALIGN (0x4)
                0x080072ec                __exidx_start = .

.ARM.exidx
 *(.ARM.exidx* .gnu.linkonce.armexidx.*)
                0x080072ec                __exidx_end = .
                0x080072ec                . = ALIGN (0x4)
                0x080072ec                _etext = .
                0x080072ec                __etext = .

.data_CCMRAM    0x00000000        0x0 load address 0x080072ec
 FILL mask 0xff
 *(.data.CCMRAM .data.CCMRAM.*)
                0x00000000                . = ALIGN (0x4)
                0x080072ec                _sidata = LOADADDR (.data)

.data           0x20000000       0x88 load address 0x080072ec
 FILL mask 0xff
                0x20000000                _sdata = .
                0x20000000                __data_start__ = .
 *(.data_begin .data_begin.*)
 .data_begin    0x20000000        0x4 ./system/src/newlib/_startup.o
 *(.data .data.*)
 .data.argv.4310
                0x20000004        0x8 ./system/src/newlib/_syscalls.o
 .data.AHBPrescTable
                0x2000000c       0x10 ./system/src/cmsis/system_stm32f10x.o
                0x2000000c                AHBPrescTable
 .data.SystemCoreClock
                0x2000001c        0x4 ./system/src/cmsis/system_stm32f10x.o
                0x2000001c                SystemCoreClock
 .data._impure_ptr
                0x20000020        0x4 d:/iti/01-assaf/arm_sdk/winarm/armgcc/bin/../lib/gcc/arm-none-eabi/7.2.1/../../../../arm-none-eabi/lib/thumb/v7-m\libg_nano.a(lib_a-impure.o)
                0x20000020                _impure_ptr
 .data.impure_data
                0x20000024       0x60 d:/iti/01-assaf/arm_sdk/winarm/armgcc/bin/../lib/gcc/arm-none-eabi/7.2.1/../../../../arm-none-eabi/lib/thumb/v7-m\libg_nano.a(lib_a-impure.o)
 *(.data_end .data_end.*)
 .data_end      0x20000084        0x4 ./system/src/newlib/_startup.o
                0x20000088                . = ALIGN (0x4)
                0x20000088                _edata = .
                0x20000088                __data_end__ = .

.igot.plt       0x20000088        0x0 load address 0x08007374
 .igot.plt      0x20000088        0x0 ./system/src/newlib/_exit.o

.bss_CCMRAM     0x00000000        0x0
 *(.bss.CCMRAM .bss.CCMRAM.*)

.bss            0x20000088      0x208
                0x20000088                __bss_start__ = .
                0x20000088                _sbss = .
 *(.bss_begin .bss_begin.*)
 .bss_begin     0x20000088        0x4 ./system/src/newlib/_startup.o
 *(.bss .bss.*)
 .bss.current_heap_end.3961
                0x2000008c        0x4 ./system/src/newlib/_sbrk.o
 .bss.name.4309
                0x20000090        0x1 ./system/src/newlib/_syscalls.o
 *fill*         0x20000091        0x3 
 .bss.buf.5205  0x20000094       0x80 ./system/src/diag/Trace.o
 .bss.G_u16nBuffer
                0x20000114        0x8 ./src/ESP8266_program.o
                0x20000114                G_u16nBuffer
 .bss.G_u8Flag  0x2000011c        0x1 ./src/ESP8266_program.o
                0x2000011c                G_u8Flag
 .bss.local_u8Counter.3822
                0x2000011d        0x1 ./src/ESP8266_program.o
 .bss.local_u8Counter.3851
                0x2000011e        0x1 ./src/ESP8266_program.o
 .bss.local_u8Counter.3862
                0x2000011f        0x1 ./src/ESP8266_program.o
 .bss.local_u8ForLoopCounter1.3823
                0x20000120        0x1 ./src/ESP8266_program.o
 .bss.local_u8ForLoopCounter2.3824
                0x20000121        0x1 ./src/ESP8266_program.o
 .bss.local_u8Index.3821
                0x20000122        0x1 ./src/ESP8266_program.o
 .bss.local_u8Index.3850
                0x20000123        0x1 ./src/ESP8266_program.o
 .bss.local_u8Index.3861
                0x20000124        0x1 ./src/ESP8266_program.o
 *fill*         0x20000125        0x3 
 .bss.appRxNotify
                0x20000128       0x14 ./src/HUSART_program.o
 .bss.appTxNotify
                0x2000013c       0x14 ./src/HUSART_program.o
 .bss.rxBuffer  0x20000150       0x50 ./src/HUSART_program.o
 .bss.txBuffer  0x200001a0       0x50 ./src/HUSART_program.o
 .bss.__malloc_free_list
                0x200001f0        0x4 d:/iti/01-assaf/arm_sdk/winarm/armgcc/bin/../lib/gcc/arm-none-eabi/7.2.1/../../../../arm-none-eabi/lib/thumb/v7-m\libg_nano.a(lib_a-nano-mallocr.o)
                0x200001f0                __malloc_free_list
 .bss.__malloc_sbrk_start
                0x200001f4        0x4 d:/iti/01-assaf/arm_sdk/winarm/armgcc/bin/../lib/gcc/arm-none-eabi/7.2.1/../../../../arm-none-eabi/lib/thumb/v7-m\libg_nano.a(lib_a-nano-mallocr.o)
                0x200001f4                __malloc_sbrk_start
 *(COMMON)
 COMMON         0x200001f8        0x4 ./system/src/newlib/_syscalls.o
                0x200001f8                errno
 COMMON         0x200001fc       0x18 ./src/DC.o
                0x200001fc                DC_motor_ForwardPin
                0x20000208                DC_motor_BackwardPin
 COMMON         0x20000214       0x78 ./src/ESP8266_program.o
                0x20000214                G_a4u8AppBuffer
                0x20000218                RxCBF
                0x2000021c                G_u8RxByte
                0x20000220                G_pu8DataPointer
                0x20000224                G_u8RxBuffer
                0x20000288                G_pu16SizePointer
 *(.bss_end .bss_end.*)
 .bss_end       0x2000028c        0x4 ./system/src/newlib/_startup.o
                0x20000290                . = ALIGN (0x4)
                0x20000290                __bss_end__ = .
                0x20000290                _ebss = .

.noinit_CCMRAM
 *(.noinit.CCMRAM .noinit.CCMRAM.*)

.noinit         0x20000290        0x0
                0x20000290                _noinit = .
 *(.noinit .noinit.*)
                0x20000290                . = ALIGN (0x4)
                0x20000290                _end_noinit = .
                [!provide]                PROVIDE (end, _end_noinit)
                [!provide]                PROVIDE (_end, _end_noinit)
                [!provide]                PROVIDE (__end, _end_noinit)
                [!provide]                PROVIDE (__end__, _end_noinit)

._check_stack   0x20000290      0x100
                0x20000390                . = (. + _Minimum_Stack_Size)
 *fill*         0x20000290      0x100 

.b1text
 *(.b1text)
 *(.b1rodata)
 *(.b1rodata.*)

.eb0text
 *(.eb0text)
 *(.eb0rodata)
 *(.eb0rodata.*)

.eb1text
 *(.eb1text)
 *(.eb1rodata)
 *(.eb1rodata.*)

.eb2text
 *(.eb2text)
 *(.eb2rodata)
 *(.eb2rodata.*)

.eb3text
 *(.eb3text)
 *(.eb3rodata)
 *(.eb3rodata.*)

.stab
 *(.stab)

.stabstr
 *(.stabstr)

.stab.excl
 *(.stab.excl)

.stab.exclstr
 *(.stab.exclstr)

.stab.index
 *(.stab.index)

.stab.indexstr
 *(.stab.indexstr)

.comment        0x00000000       0x7e
 *(.comment)
 .comment       0x00000000       0x7e ./system/src/newlib/_exit.o
                                 0x7f (size before relaxing)
 .comment       0x0000007e       0x7f ./system/src/newlib/_sbrk.o
 .comment       0x0000007e       0x7f ./system/src/newlib/_startup.o
 .comment       0x0000007e       0x7f ./system/src/newlib/_syscalls.o
 .comment       0x0000007e       0x7f ./system/src/diag/Trace.o
 .comment       0x0000007e       0x7f ./system/src/diag/trace_impl.o
 .comment       0x0000007e       0x7f ./system/src/cortexm/_initialize_hardware.o
 .comment       0x0000007e       0x7f ./system/src/cortexm/exception_handlers.o
 .comment       0x0000007e       0x7f ./system/src/cmsis/system_stm32f10x.o
 .comment       0x0000007e       0x7f ./system/src/cmsis/vectors_stm32f10x.o
 .comment       0x0000007e       0x7f ./src/DC.o
 .comment       0x0000007e       0x7f ./src/ESP8266_program.o
 .comment       0x0000007e       0x7f ./src/FLASH.o
 .comment       0x0000007e       0x7f ./src/GPIO.o
 .comment       0x0000007e       0x7f ./src/HUSART_program.o
 .comment       0x0000007e       0x7f ./src/NVIC_program.o
 .comment       0x0000007e       0x7f ./src/RCC.o
 .comment       0x0000007e       0x7f ./src/USART_program.o
 .comment       0x0000007e       0x7f ./src/main.o

.ARM.attributes
                0x00000000       0x31
 .ARM.attributes
                0x00000000       0x33 ./system/src/newlib/_exit.o
 .ARM.attributes
                0x00000033       0x33 ./system/src/newlib/_sbrk.o
 .ARM.attributes
                0x00000066       0x33 ./system/src/newlib/_startup.o
 .ARM.attributes
                0x00000099       0x33 ./system/src/newlib/_syscalls.o
 .ARM.attributes
                0x000000cc       0x33 ./system/src/diag/Trace.o
 .ARM.attributes
                0x000000ff       0x33 ./system/src/diag/trace_impl.o
 .ARM.attributes
                0x00000132       0x33 ./system/src/cortexm/_initialize_hardware.o
 .ARM.attributes
                0x00000165       0x33 ./system/src/cortexm/exception_handlers.o
 .ARM.attributes
                0x00000198       0x33 ./system/src/cmsis/system_stm32f10x.o
 .ARM.attributes
                0x000001cb       0x33 ./system/src/cmsis/vectors_stm32f10x.o
 .ARM.attributes
                0x000001fe       0x33 ./src/DC.o
 .ARM.attributes
                0x00000231       0x33 ./src/ESP8266_program.o
 .ARM.attributes
                0x00000264       0x33 ./src/FLASH.o
 .ARM.attributes
                0x00000297       0x33 ./src/GPIO.o
 .ARM.attributes
                0x000002ca       0x33 ./src/HUSART_program.o
 .ARM.attributes
                0x000002fd       0x33 ./src/NVIC_program.o
 .ARM.attributes
                0x00000330       0x33 ./src/RCC.o
 .ARM.attributes
                0x00000363       0x33 ./src/USART_program.o
 .ARM.attributes
                0x00000396       0x33 ./src/main.o
 .ARM.attributes
                0x000003c9       0x2d d:/iti/01-assaf/arm_sdk/winarm/armgcc/bin/../lib/gcc/arm-none-eabi/7.2.1/../../../../arm-none-eabi/lib/thumb/v7-m\libg_nano.a(lib_a-errno.o)
 .ARM.attributes
                0x000003f6       0x2d d:/iti/01-assaf/arm_sdk/winarm/armgcc/bin/../lib/gcc/arm-none-eabi/7.2.1/../../../../arm-none-eabi/lib/thumb/v7-m\libg_nano.a(lib_a-impure.o)
 .ARM.attributes
                0x00000423       0x2d d:/iti/01-assaf/arm_sdk/winarm/armgcc/bin/../lib/gcc/arm-none-eabi/7.2.1/../../../../arm-none-eabi/lib/thumb/v7-m\libg_nano.a(lib_a-vsnprintf.o)
 .ARM.attributes
                0x00000450       0x2d d:/iti/01-assaf/arm_sdk/winarm/armgcc/bin/../lib/gcc/arm-none-eabi/7.2.1/../../../../arm-none-eabi/lib/thumb/v7-m\libg_nano.a(lib_a-nano-svfprintf.o)
 .ARM.attributes
                0x0000047d       0x2d d:/iti/01-assaf/arm_sdk/winarm/armgcc/bin/../lib/gcc/arm-none-eabi/7.2.1/../../../../arm-none-eabi/lib/thumb/v7-m\libg_nano.a(lib_a-nano-vfprintf_i.o)
 .ARM.attributes
                0x000004aa       0x2d d:/iti/01-assaf/arm_sdk/winarm/armgcc/bin/../lib/gcc/arm-none-eabi/7.2.1/../../../../arm-none-eabi/lib/thumb/v7-m\libg_nano.a(lib_a-memchr-stub.o)
 .ARM.attributes
                0x000004d7       0x2d d:/iti/01-assaf/arm_sdk/winarm/armgcc/bin/../lib/gcc/arm-none-eabi/7.2.1/../../../../arm-none-eabi/lib/thumb/v7-m\libg_nano.a(lib_a-memcpy-stub.o)
 .ARM.attributes
                0x00000504       0x2d d:/iti/01-assaf/arm_sdk/winarm/armgcc/bin/../lib/gcc/arm-none-eabi/7.2.1/../../../../arm-none-eabi/lib/thumb/v7-m\libg_nano.a(lib_a-memmove.o)
 .ARM.attributes
                0x00000531       0x2d d:/iti/01-assaf/arm_sdk/winarm/armgcc/bin/../lib/gcc/arm-none-eabi/7.2.1/../../../../arm-none-eabi/lib/thumb/v7-m\libg_nano.a(lib_a-nano-freer.o)
 .ARM.attributes
                0x0000055e       0x2d d:/iti/01-assaf/arm_sdk/winarm/armgcc/bin/../lib/gcc/arm-none-eabi/7.2.1/../../../../arm-none-eabi/lib/thumb/v7-m\libg_nano.a(lib_a-nano-mallocr.o)
 .ARM.attributes
                0x0000058b       0x2d d:/iti/01-assaf/arm_sdk/winarm/armgcc/bin/../lib/gcc/arm-none-eabi/7.2.1/../../../../arm-none-eabi/lib/thumb/v7-m\libg_nano.a(lib_a-nano-reallocr.o)
 .ARM.attributes
                0x000005b8       0x2d d:/iti/01-assaf/arm_sdk/winarm/armgcc/bin/../lib/gcc/arm-none-eabi/7.2.1/../../../../arm-none-eabi/lib/thumb/v7-m\libg_nano.a(lib_a-sbrkr.o)
 .ARM.attributes
                0x000005e5       0x2d d:/iti/01-assaf/arm_sdk/winarm/armgcc/bin/../lib/gcc/arm-none-eabi/7.2.1/../../../../arm-none-eabi/lib/thumb/v7-m\libg_nano.a(lib_a-mlock.o)
 .ARM.attributes
                0x00000612       0x2d d:/iti/01-assaf/arm_sdk/winarm/armgcc/bin/../lib/gcc/arm-none-eabi/7.2.1/../../../../arm-none-eabi/lib/thumb/v7-m\libg_nano.a(lib_a-nano-msizer.o)

.debug
 *(.debug)

.line
 *(.line)

.debug_srcinfo
 *(.debug_srcinfo)

.debug_sfnames
 *(.debug_sfnames)

.debug_aranges  0x00000000      0x530
 *(.debug_aranges)
 .debug_aranges
                0x00000000       0x28 ./system/src/newlib/_exit.o
 .debug_aranges
                0x00000028       0x20 ./system/src/newlib/_sbrk.o
 .debug_aranges
                0x00000048       0x40 ./system/src/newlib/_startup.o
 .debug_aranges
                0x00000088       0x30 ./system/src/newlib/_syscalls.o
 .debug_aranges
                0x000000b8       0x38 ./system/src/diag/Trace.o
 .debug_aranges
                0x000000f0       0x30 ./system/src/diag/trace_impl.o
 .debug_aranges
                0x00000120       0x28 ./system/src/cortexm/_initialize_hardware.o
 .debug_aranges
                0x00000148       0x90 ./system/src/cortexm/exception_handlers.o
 .debug_aranges
                0x000001d8       0x38 ./system/src/cmsis/system_stm32f10x.o
 .debug_aranges
                0x00000210       0x20 ./system/src/cmsis/vectors_stm32f10x.o
 .debug_aranges
                0x00000230       0x30 ./src/DC.o
 .debug_aranges
                0x00000260       0x80 ./src/ESP8266_program.o
 .debug_aranges
                0x000002e0       0x48 ./src/FLASH.o
 .debug_aranges
                0x00000328       0x30 ./src/GPIO.o
 .debug_aranges
                0x00000358       0x60 ./src/HUSART_program.o
 .debug_aranges
                0x000003b8       0x68 ./src/NVIC_program.o
 .debug_aranges
                0x00000420       0x98 ./src/RCC.o
 .debug_aranges
                0x000004b8       0x58 ./src/USART_program.o
 .debug_aranges
                0x00000510       0x20 ./src/main.o

.debug_pubnames
 *(.debug_pubnames)

.debug_info     0x00000000     0x7d5f
 *(.debug_info .gnu.linkonce.wi.*)
 .debug_info    0x00000000      0x956 ./system/src/newlib/_exit.o
 .debug_info    0x00000956      0x942 ./system/src/newlib/_sbrk.o
 .debug_info    0x00001298      0x42e ./system/src/newlib/_startup.o
 .debug_info    0x000016c6      0xa19 ./system/src/newlib/_syscalls.o
 .debug_info    0x000020df      0xb2a ./system/src/diag/Trace.o
 .debug_info    0x00002c09      0x363 ./system/src/diag/trace_impl.o
 .debug_info    0x00002f6c      0x2b5 ./system/src/cortexm/_initialize_hardware.o
 .debug_info    0x00003221     0x1140 ./system/src/cortexm/exception_handlers.o
 .debug_info    0x00004361      0x494 ./system/src/cmsis/system_stm32f10x.o
 .debug_info    0x000047f5       0xca ./system/src/cmsis/vectors_stm32f10x.o
 .debug_info    0x000048bf      0x1c5 ./src/DC.o
 .debug_info    0x00004a84      0xa79 ./src/ESP8266_program.o
 .debug_info    0x000054fd      0x27d ./src/FLASH.o
 .debug_info    0x0000577a      0x247 ./src/GPIO.o
 .debug_info    0x000059c1      0x883 ./src/HUSART_program.o
 .debug_info    0x00006244     0x1285 ./src/NVIC_program.o
 .debug_info    0x000074c9      0x49b ./src/RCC.o
 .debug_info    0x00007964      0x340 ./src/USART_program.o
 .debug_info    0x00007ca4       0xbb ./src/main.o

.debug_abbrev   0x00000000     0x1c01
 *(.debug_abbrev)
 .debug_abbrev  0x00000000      0x1f3 ./system/src/newlib/_exit.o
 .debug_abbrev  0x000001f3      0x1fc ./system/src/newlib/_sbrk.o
 .debug_abbrev  0x000003ef      0x1b3 ./system/src/newlib/_startup.o
 .debug_abbrev  0x000005a2      0x234 ./system/src/newlib/_syscalls.o
 .debug_abbrev  0x000007d6      0x276 ./system/src/diag/Trace.o
 .debug_abbrev  0x00000a4c      0x1e2 ./system/src/diag/trace_impl.o
 .debug_abbrev  0x00000c2e       0xea ./system/src/cortexm/_initialize_hardware.o
 .debug_abbrev  0x00000d18      0x32b ./system/src/cortexm/exception_handlers.o
 .debug_abbrev  0x00001043      0x177 ./system/src/cmsis/system_stm32f10x.o
 .debug_abbrev  0x000011ba       0x9d ./system/src/cmsis/vectors_stm32f10x.o
 .debug_abbrev  0x00001257       0xd7 ./src/DC.o
 .debug_abbrev  0x0000132e      0x1a3 ./src/ESP8266_program.o
 .debug_abbrev  0x000014d1       0xfe ./src/FLASH.o
 .debug_abbrev  0x000015cf       0xf8 ./src/GPIO.o
 .debug_abbrev  0x000016c7      0x18d ./src/HUSART_program.o
 .debug_abbrev  0x00001854      0x133 ./src/NVIC_program.o
 .debug_abbrev  0x00001987      0x11e ./src/RCC.o
 .debug_abbrev  0x00001aa5      0x104 ./src/USART_program.o
 .debug_abbrev  0x00001ba9       0x58 ./src/main.o

.debug_line     0x00000000     0x33bd
 *(.debug_line)
 .debug_line    0x00000000      0x30f ./system/src/newlib/_exit.o
 .debug_line    0x0000030f      0x2c3 ./system/src/newlib/_sbrk.o
 .debug_line    0x000005d2      0x37d ./system/src/newlib/_startup.o
 .debug_line    0x0000094f      0x3c9 ./system/src/newlib/_syscalls.o
 .debug_line    0x00000d18      0x38b ./system/src/diag/Trace.o
 .debug_line    0x000010a3      0x5f8 ./system/src/diag/trace_impl.o
 .debug_line    0x0000169b      0x364 ./system/src/cortexm/_initialize_hardware.o
 .debug_line    0x000019ff      0x6ba ./system/src/cortexm/exception_handlers.o
 .debug_line    0x000020b9      0x3d7 ./system/src/cmsis/system_stm32f10x.o
 .debug_line    0x00002490       0xf0 ./system/src/cmsis/vectors_stm32f10x.o
 .debug_line    0x00002580       0xb9 ./src/DC.o
 .debug_line    0x00002639      0x381 ./src/ESP8266_program.o
 .debug_line    0x000029ba      0x12a ./src/FLASH.o
 .debug_line    0x00002ae4       0xa3 ./src/GPIO.o
 .debug_line    0x00002b87      0x252 ./src/HUSART_program.o
 .debug_line    0x00002dd9      0x209 ./src/NVIC_program.o
 .debug_line    0x00002fe2      0x205 ./src/RCC.o
 .debug_line    0x000031e7      0x154 ./src/USART_program.o
 .debug_line    0x0000333b       0x82 ./src/main.o

.debug_frame    0x00000000      0xda0
 *(.debug_frame)
 .debug_frame   0x00000000       0x38 ./system/src/newlib/_exit.o
 .debug_frame   0x00000038       0x28 ./system/src/newlib/_sbrk.o
 .debug_frame   0x00000060       0x7c ./system/src/newlib/_startup.o
 .debug_frame   0x000000dc       0x50 ./system/src/newlib/_syscalls.o
 .debug_frame   0x0000012c       0x94 ./system/src/diag/Trace.o
 .debug_frame   0x000001c0       0x64 ./system/src/diag/trace_impl.o
 .debug_frame   0x00000224       0x40 ./system/src/cortexm/_initialize_hardware.o
 .debug_frame   0x00000264      0x158 ./system/src/cortexm/exception_handlers.o
 .debug_frame   0x000003bc       0x6c ./system/src/cmsis/system_stm32f10x.o
 .debug_frame   0x00000428       0x20 ./system/src/cmsis/vectors_stm32f10x.o
 .debug_frame   0x00000448       0x5c ./src/DC.o
 .debug_frame   0x000004a4      0x16c ./src/ESP8266_program.o
 .debug_frame   0x00000610       0x7c ./src/FLASH.o
 .debug_frame   0x0000068c       0x4c ./src/GPIO.o
 .debug_frame   0x000006d8      0x110 ./src/HUSART_program.o
 .debug_frame   0x000007e8       0xc4 ./src/NVIC_program.o
 .debug_frame   0x000008ac      0x140 ./src/RCC.o
 .debug_frame   0x000009ec       0x9c ./src/USART_program.o
 .debug_frame   0x00000a88       0x28 ./src/main.o
 .debug_frame   0x00000ab0       0x20 d:/iti/01-assaf/arm_sdk/winarm/armgcc/bin/../lib/gcc/arm-none-eabi/7.2.1/../../../../arm-none-eabi/lib/thumb/v7-m\libg_nano.a(lib_a-errno.o)
 .debug_frame   0x00000ad0       0x4c d:/iti/01-assaf/arm_sdk/winarm/armgcc/bin/../lib/gcc/arm-none-eabi/7.2.1/../../../../arm-none-eabi/lib/thumb/v7-m\libg_nano.a(lib_a-vsnprintf.o)
 .debug_frame   0x00000b1c       0x90 d:/iti/01-assaf/arm_sdk/winarm/armgcc/bin/../lib/gcc/arm-none-eabi/7.2.1/../../../../arm-none-eabi/lib/thumb/v7-m\libg_nano.a(lib_a-nano-svfprintf.o)
 .debug_frame   0x00000bac       0x60 d:/iti/01-assaf/arm_sdk/winarm/armgcc/bin/../lib/gcc/arm-none-eabi/7.2.1/../../../../arm-none-eabi/lib/thumb/v7-m\libg_nano.a(lib_a-nano-vfprintf_i.o)
 .debug_frame   0x00000c0c       0x28 d:/iti/01-assaf/arm_sdk/winarm/armgcc/bin/../lib/gcc/arm-none-eabi/7.2.1/../../../../arm-none-eabi/lib/thumb/v7-m\libg_nano.a(lib_a-memchr-stub.o)
 .debug_frame   0x00000c34       0x28 d:/iti/01-assaf/arm_sdk/winarm/armgcc/bin/../lib/gcc/arm-none-eabi/7.2.1/../../../../arm-none-eabi/lib/thumb/v7-m\libg_nano.a(lib_a-memcpy-stub.o)
 .debug_frame   0x00000c5c       0x28 d:/iti/01-assaf/arm_sdk/winarm/armgcc/bin/../lib/gcc/arm-none-eabi/7.2.1/../../../../arm-none-eabi/lib/thumb/v7-m\libg_nano.a(lib_a-memmove.o)
 .debug_frame   0x00000c84       0x38 d:/iti/01-assaf/arm_sdk/winarm/armgcc/bin/../lib/gcc/arm-none-eabi/7.2.1/../../../../arm-none-eabi/lib/thumb/v7-m\libg_nano.a(lib_a-nano-freer.o)
 .debug_frame   0x00000cbc       0x2c d:/iti/01-assaf/arm_sdk/winarm/armgcc/bin/../lib/gcc/arm-none-eabi/7.2.1/../../../../arm-none-eabi/lib/thumb/v7-m\libg_nano.a(lib_a-nano-mallocr.o)
 .debug_frame   0x00000ce8       0x3c d:/iti/01-assaf/arm_sdk/winarm/armgcc/bin/../lib/gcc/arm-none-eabi/7.2.1/../../../../arm-none-eabi/lib/thumb/v7-m\libg_nano.a(lib_a-nano-reallocr.o)
 .debug_frame   0x00000d24       0x2c d:/iti/01-assaf/arm_sdk/winarm/armgcc/bin/../lib/gcc/arm-none-eabi/7.2.1/../../../../arm-none-eabi/lib/thumb/v7-m\libg_nano.a(lib_a-sbrkr.o)
 .debug_frame   0x00000d50       0x30 d:/iti/01-assaf/arm_sdk/winarm/armgcc/bin/../lib/gcc/arm-none-eabi/7.2.1/../../../../arm-none-eabi/lib/thumb/v7-m\libg_nano.a(lib_a-mlock.o)
 .debug_frame   0x00000d80       0x20 d:/iti/01-assaf/arm_sdk/winarm/armgcc/bin/../lib/gcc/arm-none-eabi/7.2.1/../../../../arm-none-eabi/lib/thumb/v7-m\libg_nano.a(lib_a-nano-msizer.o)

.debug_str      0x00000000    0x58f36
 *(.debug_str)
 .debug_str     0x00000000     0x7d12 ./system/src/newlib/_exit.o
                               0x7ee5 (size before relaxing)
 .debug_str     0x00007d12      0x4f5 ./system/src/newlib/_sbrk.o
                               0x7297 (size before relaxing)
 .debug_str     0x00008207      0xbbd ./system/src/newlib/_startup.o
                               0x69d2 (size before relaxing)
 .debug_str     0x00008dc4      0xe8b ./system/src/newlib/_syscalls.o
                               0x8172 (size before relaxing)
 .debug_str     0x00009c4f      0x826 ./system/src/diag/Trace.o
                               0x865d (size before relaxing)
 .debug_str     0x0000a475    0x4b2b9 ./system/src/diag/trace_impl.o
                              0x52a43 (size before relaxing)
 .debug_str     0x0005572e       0xbe ./system/src/cortexm/_initialize_hardware.o
                              0x4e834 (size before relaxing)
 .debug_str     0x000557ec      0x1a6 ./system/src/cortexm/exception_handlers.o
                              0x53c68 (size before relaxing)
 .debug_str     0x00055992       0xe6 ./system/src/cmsis/system_stm32f10x.o
                              0x4e8ce (size before relaxing)
 .debug_str     0x00055a78       0x57 ./system/src/cmsis/vectors_stm32f10x.o
                               0x3873 (size before relaxing)
 .debug_str     0x00055acf      0x817 ./src/DC.o
                               0x35a8 (size before relaxing)
 .debug_str     0x000562e6      0x976 ./src/ESP8266_program.o
                               0x3e13 (size before relaxing)
 .debug_str     0x00056c5c      0x2d0 ./src/FLASH.o
                               0x30f8 (size before relaxing)
 .debug_str     0x00056f2c       0xb0 ./src/GPIO.o
                               0x32cc (size before relaxing)
 .debug_str     0x00056fdc      0xc56 ./src/HUSART_program.o
                               0x42b1 (size before relaxing)
 .debug_str     0x00057c32      0xa68 ./src/NVIC_program.o
                               0x3dcd (size before relaxing)
 .debug_str     0x0005869a      0x44f ./src/RCC.o
                               0x3526 (size before relaxing)
 .debug_str     0x00058ae9      0x43f ./src/USART_program.o
                               0x37e0 (size before relaxing)
 .debug_str     0x00058f28        0xe ./src/main.o
                               0x2e28 (size before relaxing)

.debug_loc      0x00000000     0x24d3
 *(.debug_loc)
 .debug_loc     0x00000000       0x85 ./system/src/newlib/_sbrk.o
 .debug_loc     0x00000085      0x1a9 ./system/src/newlib/_startup.o
 .debug_loc     0x0000022e       0x63 ./system/src/newlib/_syscalls.o
 .debug_loc     0x00000291       0xf6 ./system/src/diag/Trace.o
 .debug_loc     0x00000387      0x121 ./system/src/diag/trace_impl.o
 .debug_loc     0x000004a8      0x291 ./system/src/cortexm/exception_handlers.o
 .debug_loc     0x00000739       0xdf ./system/src/cmsis/system_stm32f10x.o
 .debug_loc     0x00000818      0x25a ./src/ESP8266_program.o
 .debug_loc     0x00000a72      0x1c7 ./src/FLASH.o
 .debug_loc     0x00000c39      0x1a2 ./src/GPIO.o
 .debug_loc     0x00000ddb      0x4e0 ./src/HUSART_program.o
 .debug_loc     0x000012bb      0xc3d ./src/NVIC_program.o
 .debug_loc     0x00001ef8      0x3d7 ./src/RCC.o
 .debug_loc     0x000022cf      0x204 ./src/USART_program.o

.debug_macinfo
 *(.debug_macinfo)

.debug_weaknames
 *(.debug_weaknames)

.debug_funcnames
 *(.debug_funcnames)

.debug_typenames
 *(.debug_typenames)

.debug_varnames
 *(.debug_varnames)
OUTPUT(GP_Backward.elf elf32-littlearm)

.debug_ranges   0x00000000      0x478
 .debug_ranges  0x00000000       0x18 ./system/src/newlib/_exit.o
 .debug_ranges  0x00000018       0x10 ./system/src/newlib/_sbrk.o
 .debug_ranges  0x00000028       0x78 ./system/src/newlib/_startup.o
 .debug_ranges  0x000000a0       0x20 ./system/src/newlib/_syscalls.o
 .debug_ranges  0x000000c0       0x28 ./system/src/diag/Trace.o
 .debug_ranges  0x000000e8       0x50 ./system/src/diag/trace_impl.o
 .debug_ranges  0x00000138       0x18 ./system/src/cortexm/_initialize_hardware.o
 .debug_ranges  0x00000150       0x80 ./system/src/cortexm/exception_handlers.o
 .debug_ranges  0x000001d0       0x28 ./system/src/cmsis/system_stm32f10x.o
 .debug_ranges  0x000001f8       0x10 ./system/src/cmsis/vectors_stm32f10x.o
 .debug_ranges  0x00000208       0x20 ./src/DC.o
 .debug_ranges  0x00000228       0x70 ./src/ESP8266_program.o
 .debug_ranges  0x00000298       0x38 ./src/FLASH.o
 .debug_ranges  0x000002d0       0x20 ./src/GPIO.o
 .debug_ranges  0x000002f0       0x50 ./src/HUSART_program.o
 .debug_ranges  0x00000340       0x58 ./src/NVIC_program.o
 .debug_ranges  0x00000398       0x88 ./src/RCC.o
 .debug_ranges  0x00000420       0x48 ./src/USART_program.o
 .debug_ranges  0x00000468       0x10 ./src/main.o

.debug_macro    0x00000000     0x3376
 .debug_macro   0x00000000      0x1b4 ./system/src/newlib/_exit.o
 .debug_macro   0x000001b4       0x9c ./system/src/newlib/_exit.o
 .debug_macro   0x00000250      0x10e ./system/src/newlib/_exit.o
 .debug_macro   0x0000035e       0x8d ./system/src/newlib/_exit.o
 .debug_macro   0x000003eb       0x43 ./system/src/newlib/_exit.o
 .debug_macro   0x0000042e      0x330 ./system/src/newlib/_exit.o
 .debug_macro   0x0000075e       0x35 ./system/src/newlib/_exit.o
 .debug_macro   0x00000793      0x169 ./system/src/newlib/_sbrk.o
 .debug_macro   0x000008fc      0x174 ./system/src/newlib/_sbrk.o
 .debug_macro   0x00000a70       0x10 ./system/src/newlib/_sbrk.o
 .debug_macro   0x00000a80      0x23b ./system/src/newlib/_sbrk.o
 .debug_macro   0x00000cbb      0x173 ./system/src/newlib/_startup.o
 .debug_macro   0x00000e2e      0x217 ./system/src/newlib/_syscalls.o
 .debug_macro   0x00001045       0x1c ./system/src/newlib/_syscalls.o
 .debug_macro   0x00001061       0x10 ./system/src/newlib/_syscalls.o
 .debug_macro   0x00001071       0x10 ./system/src/newlib/_syscalls.o
 .debug_macro   0x00001081       0x10 ./system/src/newlib/_syscalls.o
 .debug_macro   0x00001091       0x35 ./system/src/newlib/_syscalls.o
 .debug_macro   0x000010c6      0x122 ./system/src/newlib/_syscalls.o
 .debug_macro   0x000011e8       0x88 ./system/src/newlib/_syscalls.o
 .debug_macro   0x00001270       0x2b ./system/src/newlib/_syscalls.o
 .debug_macro   0x0000129b      0x118 ./system/src/newlib/_syscalls.o
 .debug_macro   0x000013b3      0x189 ./system/src/newlib/_syscalls.o
 .debug_macro   0x0000153c       0x16 ./system/src/newlib/_syscalls.o
 .debug_macro   0x00001552      0x1fb ./system/src/diag/Trace.o
 .debug_macro   0x0000174d       0x16 ./system/src/diag/Trace.o
 .debug_macro   0x00001763       0x97 ./system/src/diag/Trace.o
 .debug_macro   0x000017fa       0xfd ./system/src/diag/Trace.o
 .debug_macro   0x000018f7       0x10 ./system/src/diag/Trace.o
 .debug_macro   0x00001907       0x16 ./system/src/diag/Trace.o
 .debug_macro   0x0000191d      0x16f ./system/src/diag/Trace.o
 .debug_macro   0x00001a8c       0x4c ./system/src/diag/Trace.o
 .debug_macro   0x00001ad8       0x16 ./system/src/diag/Trace.o
 .debug_macro   0x00001aee      0x2da ./system/src/diag/trace_impl.o
 .debug_macro   0x00001dc8       0x10 ./system/src/diag/trace_impl.o
 .debug_macro   0x00001dd8       0xcf ./system/src/diag/trace_impl.o
 .debug_macro   0x00001ea7       0xbe ./system/src/diag/trace_impl.o
 .debug_macro   0x00001f65       0x22 ./system/src/diag/trace_impl.o
 .debug_macro   0x00001f87      0x16b ./system/src/cortexm/_initialize_hardware.o
 .debug_macro   0x000020f2      0x324 ./system/src/cortexm/exception_handlers.o
 .debug_macro   0x00002416       0x3b ./system/src/cortexm/exception_handlers.o
 .debug_macro   0x00002451       0x10 ./system/src/cortexm/exception_handlers.o
 .debug_macro   0x00002461      0x16e ./system/src/cmsis/system_stm32f10x.o
 .debug_macro   0x000025cf       0x34 ./system/src/cmsis/vectors_stm32f10x.o
 .debug_macro   0x00002603       0x53 ./src/DC.o
 .debug_macro   0x00002656       0x2e ./src/DC.o
 .debug_macro   0x00002684      0x142 ./src/DC.o
 .debug_macro   0x000027c6       0xc4 ./src/DC.o
 .debug_macro   0x0000288a       0x28 ./src/DC.o
 .debug_macro   0x000028b2      0x173 ./src/ESP8266_program.o
 .debug_macro   0x00002a25       0x28 ./src/ESP8266_program.o
 .debug_macro   0x00002a4d       0x3a ./src/ESP8266_program.o
 .debug_macro   0x00002a87       0x22 ./src/ESP8266_program.o
 .debug_macro   0x00002aa9      0x148 ./src/ESP8266_program.o
 .debug_macro   0x00002bf1       0x84 ./src/FLASH.o
 .debug_macro   0x00002c75       0x33 ./src/GPIO.o
 .debug_macro   0x00002ca8       0x57 ./src/HUSART_program.o
 .debug_macro   0x00002cff       0xbe ./src/HUSART_program.o
 .debug_macro   0x00002dbd      0x1b4 ./src/HUSART_program.o
 .debug_macro   0x00002f71      0x118 ./src/HUSART_program.o
 .debug_macro   0x00003089       0x35 ./src/NVIC_program.o
 .debug_macro   0x000030be       0x9f ./src/RCC.o
 .debug_macro   0x0000315d       0x71 ./src/USART_program.o
 .debug_macro   0x000031ce      0x112 ./src/USART_program.o
 .debug_macro   0x000032e0       0x40 ./src/USART_program.o
 .debug_macro   0x00003320       0x28 ./src/USART_program.o
 .debug_macro   0x00003348       0x2e ./src/main.o
