Archive member included to satisfy reference by file (symbol)

d:/iti/01-assaf/arm_sdk/winarm/armgcc/bin/../lib/gcc/arm-none-eabi/7.2.1/../../../../arm-none-eabi/lib/thumb/v7-m\libg_nano.a(lib_a-errno.o)
                              ./system/src/newlib/_sbrk.o (__errno)
d:/iti/01-assaf/arm_sdk/winarm/armgcc/bin/../lib/gcc/arm-none-eabi/7.2.1/../../../../arm-none-eabi/lib/thumb/v7-m\libg_nano.a(lib_a-impure.o)
                              d:/iti/01-assaf/arm_sdk/winarm/armgcc/bin/../lib/gcc/arm-none-eabi/7.2.1/../../../../arm-none-eabi/lib/thumb/v7-m\libg_nano.a(lib_a-errno.o) (_impure_ptr)
d:/iti/01-assaf/arm_sdk/winarm/armgcc/bin/../lib/gcc/arm-none-eabi/7.2.1/../../../../arm-none-eabi/lib/thumb/v7-m\libg_nano.a(lib_a-memset.o)
                              ./src/main.o (memset)
d:/iti/01-assaf/arm_sdk/winarm/armgcc/bin/../lib/gcc/arm-none-eabi/7.2.1/../../../../arm-none-eabi/lib/thumb/v7-m\libg_nano.a(lib_a-strlen.o)
                              ./system/src/diag/Trace.o (strlen)
d:/iti/01-assaf/arm_sdk/winarm/armgcc/bin/../lib/gcc/arm-none-eabi/7.2.1/../../../../arm-none-eabi/lib/thumb/v7-m\libg_nano.a(lib_a-vsnprintf.o)
                              ./system/src/diag/Trace.o (vsnprintf)
d:/iti/01-assaf/arm_sdk/winarm/armgcc/bin/../lib/gcc/arm-none-eabi/7.2.1/../../../../arm-none-eabi/lib/thumb/v7-m\libg_nano.a(lib_a-nano-svfprintf.o)
                              d:/iti/01-assaf/arm_sdk/winarm/armgcc/bin/../lib/gcc/arm-none-eabi/7.2.1/../../../../arm-none-eabi/lib/thumb/v7-m\libg_nano.a(lib_a-vsnprintf.o) (_svfprintf_r)
d:/iti/01-assaf/arm_sdk/winarm/armgcc/bin/../lib/gcc/arm-none-eabi/7.2.1/../../../../arm-none-eabi/lib/thumb/v7-m\libg_nano.a(lib_a-nano-vfprintf_i.o)
                              d:/iti/01-assaf/arm_sdk/winarm/armgcc/bin/../lib/gcc/arm-none-eabi/7.2.1/../../../../arm-none-eabi/lib/thumb/v7-m\libg_nano.a(lib_a-nano-svfprintf.o) (_printf_i)
d:/iti/01-assaf/arm_sdk/winarm/armgcc/bin/../lib/gcc/arm-none-eabi/7.2.1/../../../../arm-none-eabi/lib/thumb/v7-m\libg_nano.a(lib_a-memchr-stub.o)
                              d:/iti/01-assaf/arm_sdk/winarm/armgcc/bin/../lib/gcc/arm-none-eabi/7.2.1/../../../../arm-none-eabi/lib/thumb/v7-m\libg_nano.a(lib_a-nano-svfprintf.o) (memchr)
d:/iti/01-assaf/arm_sdk/winarm/armgcc/bin/../lib/gcc/arm-none-eabi/7.2.1/../../../../arm-none-eabi/lib/thumb/v7-m\libg_nano.a(lib_a-memcpy-stub.o)
                              d:/iti/01-assaf/arm_sdk/winarm/armgcc/bin/../lib/gcc/arm-none-eabi/7.2.1/../../../../arm-none-eabi/lib/thumb/v7-m\libg_nano.a(lib_a-nano-svfprintf.o) (memcpy)
d:/iti/01-assaf/arm_sdk/winarm/armgcc/bin/../lib/gcc/arm-none-eabi/7.2.1/../../../../arm-none-eabi/lib/thumb/v7-m\libg_nano.a(lib_a-memmove.o)
                              d:/iti/01-assaf/arm_sdk/winarm/armgcc/bin/../lib/gcc/arm-none-eabi/7.2.1/../../../../arm-none-eabi/lib/thumb/v7-m\libg_nano.a(lib_a-nano-svfprintf.o) (memmove)
d:/iti/01-assaf/arm_sdk/winarm/armgcc/bin/../lib/gcc/arm-none-eabi/7.2.1/../../../../arm-none-eabi/lib/thumb/v7-m\libg_nano.a(lib_a-nano-freer.o)
                              d:/iti/01-assaf/arm_sdk/winarm/armgcc/bin/../lib/gcc/arm-none-eabi/7.2.1/../../../../arm-none-eabi/lib/thumb/v7-m\libg_nano.a(lib_a-nano-svfprintf.o) (_free_r)
d:/iti/01-assaf/arm_sdk/winarm/armgcc/bin/../lib/gcc/arm-none-eabi/7.2.1/../../../../arm-none-eabi/lib/thumb/v7-m\libg_nano.a(lib_a-nano-mallocr.o)
                              d:/iti/01-assaf/arm_sdk/winarm/armgcc/bin/../lib/gcc/arm-none-eabi/7.2.1/../../../../arm-none-eabi/lib/thumb/v7-m\libg_nano.a(lib_a-nano-svfprintf.o) (_malloc_r)
d:/iti/01-assaf/arm_sdk/winarm/armgcc/bin/../lib/gcc/arm-none-eabi/7.2.1/../../../../arm-none-eabi/lib/thumb/v7-m\libg_nano.a(lib_a-nano-reallocr.o)
                              d:/iti/01-assaf/arm_sdk/winarm/armgcc/bin/../lib/gcc/arm-none-eabi/7.2.1/../../../../arm-none-eabi/lib/thumb/v7-m\libg_nano.a(lib_a-nano-svfprintf.o) (_realloc_r)
d:/iti/01-assaf/arm_sdk/winarm/armgcc/bin/../lib/gcc/arm-none-eabi/7.2.1/../../../../arm-none-eabi/lib/thumb/v7-m\libg_nano.a(lib_a-sbrkr.o)
                              d:/iti/01-assaf/arm_sdk/winarm/armgcc/bin/../lib/gcc/arm-none-eabi/7.2.1/../../../../arm-none-eabi/lib/thumb/v7-m\libg_nano.a(lib_a-nano-mallocr.o) (_sbrk_r)
d:/iti/01-assaf/arm_sdk/winarm/armgcc/bin/../lib/gcc/arm-none-eabi/7.2.1/../../../../arm-none-eabi/lib/thumb/v7-m\libg_nano.a(lib_a-mlock.o)
                              d:/iti/01-assaf/arm_sdk/winarm/armgcc/bin/../lib/gcc/arm-none-eabi/7.2.1/../../../../arm-none-eabi/lib/thumb/v7-m\libg_nano.a(lib_a-nano-freer.o) (__malloc_lock)
d:/iti/01-assaf/arm_sdk/winarm/armgcc/bin/../lib/gcc/arm-none-eabi/7.2.1/../../../../arm-none-eabi/lib/thumb/v7-m\libg_nano.a(lib_a-nano-msizer.o)
                              d:/iti/01-assaf/arm_sdk/winarm/armgcc/bin/../lib/gcc/arm-none-eabi/7.2.1/../../../../arm-none-eabi/lib/thumb/v7-m\libg_nano.a(lib_a-nano-reallocr.o) (_malloc_usable_size_r)

Allocating common symbols
[...]
Memory Configuration

Name             Origin             Length             Attributes
RAM              0x20000000         0x00005000         xrw
CCMRAM           0x00000000         0x00000000         xrw
FLASH            0x08000000         0x00004c00         xr
MARKER           0x08004c00         0x00000400         xr
FLASHB1          0x00000000         0x00000000         xr
EXTMEMB0         0x00000000         0x00000000         xr
EXTMEMB1         0x00000000         0x00000000         xr
EXTMEMB2         0x00000000         0x00000000         xr
EXTMEMB3         0x00000000         0x00000000         xr
MEMORY_ARRAY     0x00000000         0x00000000         xrw
*default*        0x00000000         0xffffffff

Linker script and memory map

LOAD ./system/src/stm32f1-stdperiph/misc.o
LOAD ./system/src/stm32f1-stdperiph/stm32f10x_gpio.o
LOAD ./system/src/newlib/_cxx.o
LOAD ./system/src/newlib/_exit.o
LOAD ./system/src/newlib/_sbrk.o
LOAD ./system/src/newlib/_startup.o
LOAD ./system/src/newlib/_syscalls.o
LOAD ./system/src/newlib/assert.o
LOAD ./system/src/diag/Trace.o
LOAD ./system/src/diag/trace_impl.o
LOAD ./system/src/cortexm/_initialize_hardware.o
LOAD ./system/src/cortexm/_reset_hardware.o
LOAD ./system/src/cortexm/exception_handlers.o
LOAD ./system/src/cmsis/system_stm32f10x.o
LOAD ./system/src/cmsis/vectors_stm32f10x.o
LOAD ./src/ESP8266_program.o
LOAD ./src/FLASH.o
LOAD ./src/GPIO_program.o
LOAD ./src/HEX_PARSER.o
LOAD ./src/HUSART_program.o
LOAD ./src/NVIC_program.o
LOAD ./src/RCC_program.o
LOAD ./src/USART_program.o
LOAD ./src/main.o
LOAD d:/iti/01-assaf/arm_sdk/winarm/armgcc/bin/../lib/gcc/arm-none-eabi/7.2.1/../../../../arm-none-eabi/lib/thumb/v7-m\libstdc++_nano.a
LOAD d:/iti/01-assaf/arm_sdk/winarm/armgcc/bin/../lib/gcc/arm-none-eabi/7.2.1/../../../../arm-none-eabi/lib/thumb/v7-m\libm.a
START GROUP
LOAD d:/iti/01-assaf/arm_sdk/winarm/armgcc/bin/../lib/gcc/arm-none-eabi/7.2.1/thumb/v7-m\libgcc.a
LOAD d:/iti/01-assaf/arm_sdk/winarm/armgcc/bin/../lib/gcc/arm-none-eabi/7.2.1/../../../../arm-none-eabi/lib/thumb/v7-m\libg_nano.a
LOAD d:/iti/01-assaf/arm_sdk/winarm/armgcc/bin/../lib/gcc/arm-none-eabi/7.2.1/../../../../arm-none-eabi/lib/thumb/v7-m\libc_nano.a
END GROUP
START GROUP
LOAD d:/iti/01-assaf/arm_sdk/winarm/armgcc/bin/../lib/gcc/arm-none-eabi/7.2.1/thumb/v7-m\libgcc.a
LOAD d:/iti/01-assaf/arm_sdk/winarm/armgcc/bin/../lib/gcc/arm-none-eabi/7.2.1/../../../../arm-none-eabi/lib/thumb/v7-m\libc_nano.a
END GROUP
                0x20005000                __stack = (ORIGIN (RAM) + LENGTH (RAM))
                0x20005000                _estack = __stack
                0x00000400                __Main_Stack_Size = 0x400
                [!provide]                PROVIDE (_Main_Stack_Size, __Main_Stack_Size)
                0x20004c00                __Main_Stack_Limit = (__stack - __Main_Stack_Size)
                [!provide]                PROVIDE (_Main_Stack_Limit, __Main_Stack_Limit)
                0x00000100                _Minimum_Stack_Size = 0x100
                0x20000278                PROVIDE (_Heap_Begin, _end_noinit)
                0x20004c00                PROVIDE (_Heap_Limit, (__stack - __Main_Stack_Size))

.isr_vector     0x08000000      0x350
 FILL mask 0xff
                0x08000000                __vectors_start = ABSOLUTE (.)
                0x08000000                __vectors_start__ = ABSOLUTE (.)
 *(.isr_vector)
 .isr_vector    0x08000000      0x10c ./system/src/cmsis/vectors_stm32f10x.o
                0x08000000                __isr_vectors
 *(.cfmconfig)
 *(.after_vectors .after_vectors.*)
 .after_vectors
                0x0800010c      0x114 ./system/src/newlib/_startup.o
                0x0800010c                _start
 .after_vectors
                0x08000220      0x12c ./system/src/cortexm/exception_handlers.o
                0x08000220                Reset_Handler
                0x08000226                NMI_Handler
                0x0800022a                HardFault_Handler
                0x0800023e                HardFault_Handler_C
                0x0800029c                MemManage_Handler
                0x080002a0                BusFault_Handler
                0x080002b4                BusFault_Handler_C
                0x080002e8                UsageFault_Handler
                0x080002fc                UsageFault_Handler_C
                0x08000330                SVC_Handler
                0x08000334                DebugMon_Handler
                0x08000338                PendSV_Handler
                0x0800033c                SysTick_Handler
 .after_vectors
                0x0800034c        0x4 ./system/src/cmsis/vectors_stm32f10x.o
                0x0800034c                EXTI2_IRQHandler
                0x0800034c                TIM8_TRG_COM_IRQHandler
                0x0800034c                TIM8_CC_IRQHandler
                0x0800034c                TIM1_CC_IRQHandler
                0x0800034c                TIM6_IRQHandler
                0x0800034c                PVD_IRQHandler
                0x0800034c                SDIO_IRQHandler
                0x0800034c                CAN2_RX1_IRQHandler
                0x0800034c                EXTI3_IRQHandler
                0x0800034c                TIM8_TRG_COM_TIM14_IRQHandler
                0x0800034c                TIM1_UP_TIM10_IRQHandler
                0x0800034c                TIM8_UP_TIM13_IRQHandler
                0x0800034c                EXTI0_IRQHandler
                0x0800034c                I2C2_EV_IRQHandler
                0x0800034c                CAN1_RX0_IRQHandler
                0x0800034c                TIM1_UP_TIM16_IRQHandler
                0x0800034c                CAN2_SCE_IRQHandler
                0x0800034c                ADC1_2_IRQHandler
                0x0800034c                SPI1_IRQHandler
                0x0800034c                TAMPER_IRQHandler
                0x0800034c                TIM6_DAC_IRQHandler
                0x0800034c                TIM1_BRK_TIM9_IRQHandler
                0x0800034c                CAN2_RX0_IRQHandler
                0x0800034c                TIM8_UP_IRQHandler
                0x0800034c                DMA2_Channel2_IRQHandler
                0x0800034c                DMA1_Channel4_IRQHandler
                0x0800034c                USART3_IRQHandler
                0x0800034c                RTC_IRQHandler
                0x0800034c                DMA1_Channel7_IRQHandler
                0x0800034c                CAN1_RX1_IRQHandler
                0x0800034c                UART5_IRQHandler
                0x0800034c                ADC3_IRQHandler
                0x0800034c                TIM4_IRQHandler
                0x0800034c                DMA2_Channel1_IRQHandler
                0x0800034c                I2C1_EV_IRQHandler
                0x0800034c                DMA1_Channel6_IRQHandler
                0x0800034c                UART4_IRQHandler
                0x0800034c                DMA2_Channel4_IRQHandler
                0x0800034c                TIM3_IRQHandler
                0x0800034c                RCC_IRQHandler
                0x0800034c                TIM8_BRK_TIM12_IRQHandler
                0x0800034c                TIM1_TRG_COM_IRQHandler
                0x0800034c                DMA1_Channel1_IRQHandler
                0x0800034c                Default_Handler
                0x0800034c                CEC_IRQHandler
                0x0800034c                EXTI15_10_IRQHandler
                0x0800034c                TIM14_IRQHandler
                0x0800034c                TIM13_IRQHandler
                0x0800034c                TIM12_IRQHandler
                0x0800034c                TIM7_IRQHandler
                0x0800034c                CAN2_TX_IRQHandler
                0x0800034c                TIM5_IRQHandler
                0x0800034c                EXTI9_5_IRQHandler
                0x0800034c                ETH_WKUP_IRQHandler
                0x0800034c                SPI2_IRQHandler
                0x0800034c                CAN1_TX_IRQHandler
                0x0800034c                DMA2_Channel5_IRQHandler
                0x0800034c                DMA1_Channel5_IRQHandler
                0x0800034c                EXTI4_IRQHandler
                0x0800034c                USB_LP_CAN1_RX0_IRQHandler
                0x0800034c                TIM1_TRG_COM_TIM17_IRQHandler
                0x0800034c                USB_HP_CAN1_TX_IRQHandler
                0x0800034c                DMA1_Channel3_IRQHandler
                0x0800034c                FSMC_IRQHandler
                0x0800034c                ETH_IRQHandler
                0x0800034c                TIM1_UP_IRQHandler
                0x0800034c                WWDG_IRQHandler
                0x0800034c                TIM2_IRQHandler
                0x0800034c                OTG_FS_WKUP_IRQHandler
                0x0800034c                TIM1_TRG_COM_TIM11_IRQHandler
                0x0800034c                TIM1_BRK_IRQHandler
                0x0800034c                EXTI1_IRQHandler
                0x0800034c                RTCAlarm_IRQHandler
                0x0800034c                DMA2_Channel4_5_IRQHandler
                0x0800034c                I2C2_ER_IRQHandler
                0x0800034c                DMA1_Channel2_IRQHandler
                0x0800034c                TIM8_BRK_IRQHandler
                0x0800034c                CAN1_SCE_IRQHandler
                0x0800034c                FLASH_IRQHandler
                0x0800034c                OTG_FS_IRQHandler
                0x0800034c                SPI3_IRQHandler
                0x0800034c                I2C1_ER_IRQHandler
                0x0800034c                USBWakeUp_IRQHandler
                0x0800034c                DMA2_Channel3_IRQHandler
                0x0800034c                TIM1_BRK_TIM15_IRQHandler

.inits          0x08000350       0x28
                0x08000350                __data_regions_array_start = .
                0x08000350        0x4 LONG 0x8002668 LOADADDR (.data)
                0x08000354        0x4 LONG 0x20000000 ADDR (.data)
                0x08000358        0x4 LONG 0x20000088 (ADDR (.data) + SIZEOF (.data))
                0x0800035c        0x4 LONG 0x8002668 LOADADDR (.data_CCMRAM)
                0x08000360        0x4 LONG 0x0 ADDR (.data_CCMRAM)
                0x08000364        0x4 LONG 0x0 (ADDR (.data_CCMRAM) + SIZEOF (.data_CCMRAM))
                0x08000368                __data_regions_array_end = .
                0x08000368                __bss_regions_array_start = .
                0x08000368        0x4 LONG 0x20000088 ADDR (.bss)
                0x0800036c        0x4 LONG 0x20000278 (ADDR (.bss) + SIZEOF (.bss))
                0x08000370        0x4 LONG 0x0 ADDR (.bss_CCMRAM)
                0x08000374        0x4 LONG 0x0 (ADDR (.bss_CCMRAM) + SIZEOF (.bss_CCMRAM))
                0x08000378                __bss_regions_array_end = .
 *(.init)
 *(.fini)
                0x08000378                . = ALIGN (0x4)
                0x08000378                PROVIDE (__preinit_array_start, .)
 *(.preinit_array_sysinit .preinit_array_sysinit.*)
 *(.preinit_array_platform .preinit_array_platform.*)
 *(.preinit_array .preinit_array.*)
                0x08000378                PROVIDE (__preinit_array_end, .)
                0x08000378                . = ALIGN (0x4)
                0x08000378                PROVIDE (__init_array_start, .)
 *(SORT_BY_NAME(.init_array.*))
 *(.init_array)
                0x08000378                PROVIDE (__init_array_end, .)
                0x08000378                . = ALIGN (0x4)
                0x08000378                PROVIDE (__fini_array_start, .)
 *(SORT_BY_NAME(.fini_array.*))
 *(.fini_array)
                0x08000378                PROVIDE (__fini_array_end, .)

.flashtext
 *(.flashtext .flashtext.*)

.text           0x08000378     0x22ef
 *(.text .text.*)
 .text._exit    0x08000378        0x2 ./system/src/newlib/_exit.o
                0x08000378                _exit
 *fill*         0x0800037a        0x2 
 .text._sbrk    0x0800037c       0x44 ./system/src/newlib/_sbrk.o
                0x0800037c                _sbrk
 .text.__initialize_args
                0x080003c0       0x10 ./system/src/newlib/_syscalls.o
                0x080003c0                __initialize_args
 .text.trace_printf
                0x080003d0       0x30 ./system/src/diag/Trace.o
                0x080003d0                trace_printf
 .text._trace_write_semihosting_debug
                0x08000400       0x60 ./system/src/diag/trace_impl.o
 .text.trace_write
                0x08000460        0x8 ./system/src/diag/trace_impl.o
                0x08000460                trace_write
 .text.__initialize_hardware_early
                0x08000468       0x18 ./system/src/cortexm/_initialize_hardware.o
                0x08000468                __initialize_hardware_early
 .text.__initialize_hardware
                0x08000480        0x8 ./system/src/cortexm/_initialize_hardware.o
                0x08000480                __initialize_hardware
 .text.dumpExceptionStack
                0x08000488       0xf4 ./system/src/cortexm/exception_handlers.o
                0x08000488                dumpExceptionStack
 .text.isSemihosting
                0x0800057c       0x20 ./system/src/cortexm/exception_handlers.o
                0x0800057c                isSemihosting
 .text.SetSysClockTo72
                0x0800059c       0xc4 ./system/src/cmsis/system_stm32f10x.o
 .text.SetSysClock
                0x08000660        0x8 ./system/src/cmsis/system_stm32f10x.o
 .text.SystemInit
                0x08000668       0x50 ./system/src/cmsis/system_stm32f10x.o
                0x08000668                SystemInit
 .text.SystemCoreClockUpdate
                0x080006b8       0x94 ./system/src/cmsis/system_stm32f10x.o
                0x080006b8                SystemCoreClockUpdate
 .text.SendTxCBF
                0x0800074c        0xc ./src/ESP8266_program.o
                0x0800074c                SendTxCBF
 .text.ReceiveTxCBF
                0x08000758        0x2 ./src/ESP8266_program.o
                0x08000758                ReceiveTxCBF
 .text.InitTxCBF
                0x0800075a        0x2 ./src/ESP8266_program.o
                0x0800075a                InitTxCBF
 .text.SendRxCBF
                0x0800075c       0x28 ./src/ESP8266_program.o
                0x0800075c                SendRxCBF
 .text.ReceiveRxCBF
                0x08000784      0x1f4 ./src/ESP8266_program.o
                0x08000784                ReceiveRxCBF
 .text.InitRxCBF1
                0x08000978      0x108 ./src/ESP8266_program.o
                0x08000978                InitRxCBF1
 .text.InitRxCBF2
                0x08000a80      0x194 ./src/ESP8266_program.o
                0x08000a80                InitRxCBF2
 .text.ESP8266_SetReceiveCBF
                0x08000c14        0xc ./src/ESP8266_program.o
                0x08000c14                ESP8266_SetReceiveCBF
 .text.ESP8266_Init
                0x08000c20       0xd8 ./src/ESP8266_program.o
                0x08000c20                ESP8266_Init
 .text.ESP8266_Send
                0x08000cf8       0xf8 ./src/ESP8266_program.o
                0x08000cf8                ESP8266_Send
 .text.ESP8266_Receive
                0x08000df0       0x58 ./src/ESP8266_program.o
                0x08000df0                ESP8266_Receive
 .text.FLASH_WriteWord
                0x08000e48       0x68 ./src/FLASH.o
                0x08000e48                FLASH_WriteWord
 .text.FLASH_WriteProgram
                0x08000eb0       0x54 ./src/FLASH.o
                0x08000eb0                FLASH_WriteProgram
 .text.FLASH_Unlock
                0x08000f04       0x24 ./src/FLASH.o
                0x08000f04                FLASH_Unlock
 .text.FLASH_ErasePage
                0x08000f28       0x5c ./src/FLASH.o
                0x08000f28                FLASH_ErasePage
 .text.FLASH_Lock
                0x08000f84       0x20 ./src/FLASH.o
                0x08000f84                FLASH_Lock
 .text.DIO_Init
                0x08000fa4       0x4c ./src/GPIO_program.o
                0x08000fa4                DIO_Init
 .text.HEX_PARSER
                0x08000ff0       0x60 ./src/HEX_PARSER.o
                0x08000ff0                HEX_PARSER
 .text.HUSART_Init
                0x08001050       0xd0 ./src/HUSART_program.o
                0x08001050                HUSART_Init
 .text.HUSART_Send
                0x08001120       0x48 ./src/HUSART_program.o
                0x08001120                HUSART_Send
 .text.HUSART_Receive
                0x08001168       0x44 ./src/HUSART_program.o
                0x08001168                HUSART_Receive
 .text.HUSART_SetTxCBF
                0x080011ac       0x1c ./src/HUSART_program.o
                0x080011ac                HUSART_SetTxCBF
 .text.HUSART_SetRxCBF
                0x080011c8       0x1c ./src/HUSART_program.o
                0x080011c8                HUSART_SetRxCBF
 .text.USART1_IRQHandler
                0x080011e4       0xd0 ./src/HUSART_program.o
                0x080011e4                USART1_IRQHandler
 .text.USART2_IRQHandler
                0x080012b4       0xd0 ./src/HUSART_program.o
                0x080012b4                USART2_IRQHandler
 .text.NVIC_ControlEnableInterrupt
                0x08001384      0x2ea ./src/NVIC_program.o
                0x08001384                NVIC_ControlEnableInterrupt
 .text.NVIC_ControlPendingFlag
                0x0800166e      0x1c4 ./src/NVIC_program.o
                0x0800166e                NVIC_ControlPendingFlag
 *fill*         0x08001832        0x2 
 .text.RCC_EnableAPB2Peripheral
                0x08001834       0x10 ./src/RCC_program.o
                0x08001834                RCC_EnableAPB2Peripheral
 .text.RCC_EnableAPB1Peripheral
                0x08001844       0x10 ./src/RCC_program.o
                0x08001844                RCC_EnableAPB1Peripheral
 .text.USART_Init
                0x08001854       0x7c ./src/USART_program.o
                0x08001854                USART_Init
 .text.USART_Send
                0x080018d0       0x10 ./src/USART_program.o
                0x080018d0                USART_Send
 .text.USART_Receive
                0x080018e0       0x14 ./src/USART_program.o
                0x080018e0                USART_Receive
 .text.USART_ReadFlags
                0x080018f4       0x1c ./src/USART_program.o
                0x080018f4                USART_ReadFlags
 .text.USART_ClearFlag
                0x08001910       0x14 ./src/USART_program.o
                0x08001910                USART_ClearFlag
 .text.ReceiveCBF
                0x08001924        0xc ./src/main.o
                0x08001924                ReceiveCBF
 .text.main     0x08001930      0x2ac ./src/main.o
                0x08001930                main
 .text.__errno  0x08001bdc        0xc d:/iti/01-assaf/arm_sdk/winarm/armgcc/bin/../lib/gcc/arm-none-eabi/7.2.1/../../../../arm-none-eabi/lib/thumb/v7-m\libg_nano.a(lib_a-errno.o)
                0x08001bdc                __errno
 .text.memset   0x08001be8       0x10 d:/iti/01-assaf/arm_sdk/winarm/armgcc/bin/../lib/gcc/arm-none-eabi/7.2.1/../../../../arm-none-eabi/lib/thumb/v7-m\libg_nano.a(lib_a-memset.o)
                0x08001be8                memset
 .text._vsnprintf_r
                0x08001bf8       0x58 d:/iti/01-assaf/arm_sdk/winarm/armgcc/bin/../lib/gcc/arm-none-eabi/7.2.1/../../../../arm-none-eabi/lib/thumb/v7-m\libg_nano.a(lib_a-vsnprintf.o)
                0x08001bf8                _vsniprintf_r
                0x08001bf8                _vsnprintf_r
 .text.vsnprintf
                0x08001c50       0x1c d:/iti/01-assaf/arm_sdk/winarm/armgcc/bin/../lib/gcc/arm-none-eabi/7.2.1/../../../../arm-none-eabi/lib/thumb/v7-m\libg_nano.a(lib_a-vsnprintf.o)
                0x08001c50                vsniprintf
                0x08001c50                vsnprintf
 .text.__ssputs_r
                0x08001c6c       0xb4 d:/iti/01-assaf/arm_sdk/winarm/armgcc/bin/../lib/gcc/arm-none-eabi/7.2.1/../../../../arm-none-eabi/lib/thumb/v7-m\libg_nano.a(lib_a-nano-svfprintf.o)
                0x08001c6c                __ssputs_r
 .text._svfprintf_r
                0x08001d20      0x1ec d:/iti/01-assaf/arm_sdk/winarm/armgcc/bin/../lib/gcc/arm-none-eabi/7.2.1/../../../../arm-none-eabi/lib/thumb/v7-m\libg_nano.a(lib_a-nano-svfprintf.o)
                0x08001d20                _svfiprintf_r
                0x08001d20                _svfprintf_r
 .text._printf_common
                0x08001f0c       0xec d:/iti/01-assaf/arm_sdk/winarm/armgcc/bin/../lib/gcc/arm-none-eabi/7.2.1/../../../../arm-none-eabi/lib/thumb/v7-m\libg_nano.a(lib_a-nano-vfprintf_i.o)
                0x08001f0c                _printf_common
 .text._printf_i
                0x08001ff8      0x224 d:/iti/01-assaf/arm_sdk/winarm/armgcc/bin/../lib/gcc/arm-none-eabi/7.2.1/../../../../arm-none-eabi/lib/thumb/v7-m\libg_nano.a(lib_a-nano-vfprintf_i.o)
                0x08001ff8                _printf_i
 .text.memchr   0x0800221c       0x1c d:/iti/01-assaf/arm_sdk/winarm/armgcc/bin/../lib/gcc/arm-none-eabi/7.2.1/../../../../arm-none-eabi/lib/thumb/v7-m\libg_nano.a(lib_a-memchr-stub.o)
                0x0800221c                memchr
 .text.memcpy   0x08002238       0x16 d:/iti/01-assaf/arm_sdk/winarm/armgcc/bin/../lib/gcc/arm-none-eabi/7.2.1/../../../../arm-none-eabi/lib/thumb/v7-m\libg_nano.a(lib_a-memcpy-stub.o)
                0x08002238                memcpy
 .text.memmove  0x0800224e       0x32 d:/iti/01-assaf/arm_sdk/winarm/armgcc/bin/../lib/gcc/arm-none-eabi/7.2.1/../../../../arm-none-eabi/lib/thumb/v7-m\libg_nano.a(lib_a-memmove.o)
                0x0800224e                memmove
 .text._free_r  0x08002280       0x98 d:/iti/01-assaf/arm_sdk/winarm/armgcc/bin/../lib/gcc/arm-none-eabi/7.2.1/../../../../arm-none-eabi/lib/thumb/v7-m\libg_nano.a(lib_a-nano-freer.o)
                0x08002280                _free_r
 .text._malloc_r
                0x08002318       0xb4 d:/iti/01-assaf/arm_sdk/winarm/armgcc/bin/../lib/gcc/arm-none-eabi/7.2.1/../../../../arm-none-eabi/lib/thumb/v7-m\libg_nano.a(lib_a-nano-mallocr.o)
                0x08002318                _malloc_r
 .text._realloc_r
                0x080023cc       0x4c d:/iti/01-assaf/arm_sdk/winarm/armgcc/bin/../lib/gcc/arm-none-eabi/7.2.1/../../../../arm-none-eabi/lib/thumb/v7-m\libg_nano.a(lib_a-nano-reallocr.o)
                0x080023cc                _realloc_r
 .text._sbrk_r  0x08002418       0x20 d:/iti/01-assaf/arm_sdk/winarm/armgcc/bin/../lib/gcc/arm-none-eabi/7.2.1/../../../../arm-none-eabi/lib/thumb/v7-m\libg_nano.a(lib_a-sbrkr.o)
                0x08002418                _sbrk_r
 .text.__malloc_lock
                0x08002438        0x2 d:/iti/01-assaf/arm_sdk/winarm/armgcc/bin/../lib/gcc/arm-none-eabi/7.2.1/../../../../arm-none-eabi/lib/thumb/v7-m\libg_nano.a(lib_a-mlock.o)
                0x08002438                __malloc_lock
 .text.__malloc_unlock
                0x0800243a        0x2 d:/iti/01-assaf/arm_sdk/winarm/armgcc/bin/../lib/gcc/arm-none-eabi/7.2.1/../../../../arm-none-eabi/lib/thumb/v7-m\libg_nano.a(lib_a-mlock.o)
                0x0800243a                __malloc_unlock
 .text._malloc_usable_size_r
                0x0800243c       0x10 d:/iti/01-assaf/arm_sdk/winarm/armgcc/bin/../lib/gcc/arm-none-eabi/7.2.1/../../../../arm-none-eabi/lib/thumb/v7-m\libg_nano.a(lib_a-nano-msizer.o)
                0x0800243c                _malloc_usable_size_r
 *(.rodata .rodata.* .constdata .constdata.*)
 .rodata.dumpExceptionStack.str1.4
                0x0800244c      0x11a ./system/src/cortexm/exception_handlers.o
 *fill*         0x08002566        0x2 
 .rodata.str1.4
                0x08002568       0x2a ./system/src/cortexm/exception_handlers.o
 *fill*         0x08002592        0x2 
 .rodata        0x08002594        0xa ./src/ESP8266_program.o
 *fill*         0x0800259e        0x2 
 .rodata.ESP8266_Init.str1.4
                0x080025a0       0x65 ./src/ESP8266_program.o
 *fill*         0x08002605        0x3 
 .rodata.ESP8266_Send.str1.4
                0x08002608        0xe ./src/ESP8266_program.o
 *fill*         0x08002616        0x2 
 .rodata.USART_ChannelsArray
                0x08002618       0x14 ./src/USART_program.o
                0x08002618                USART_ChannelsArray
 .rodata        0x0800262c        0x4 ./src/main.o
 .rodata.main.str1.4
                0x08002630        0x4 ./src/main.o
 .rodata._svfprintf_r.str1.1
                0x08002634       0x11 d:/iti/01-assaf/arm_sdk/winarm/armgcc/bin/../lib/gcc/arm-none-eabi/7.2.1/../../../../arm-none-eabi/lib/thumb/v7-m\libg_nano.a(lib_a-nano-svfprintf.o)
 .rodata._printf_i.str1.1
                0x08002645       0x22 d:/iti/01-assaf/arm_sdk/winarm/armgcc/bin/../lib/gcc/arm-none-eabi/7.2.1/../../../../arm-none-eabi/lib/thumb/v7-m\libg_nano.a(lib_a-nano-vfprintf_i.o)
 *(vtable)
 *(.eh_frame*)
 *(.glue_7)
 .glue_7        0x08002667        0x0 linker stubs
 *(.glue_7t)
 .glue_7t       0x08002667        0x0 linker stubs

.vfp11_veneer   0x08002668        0x0
 .vfp11_veneer  0x08002668        0x0 linker stubs

.v4_bx          0x08002668        0x0
 .v4_bx         0x08002668        0x0 linker stubs

.iplt           0x08002668        0x0
 .iplt          0x08002668        0x0 ./system/src/newlib/_exit.o

.rel.dyn        0x08002668        0x0
 .rel.iplt      0x08002668        0x0 ./system/src/newlib/_exit.o

.ARM.extab
 *(.ARM.extab* .gnu.linkonce.armextab.*)
                0x08002668                . = ALIGN (0x4)
                0x08002668                __exidx_start = .

.ARM.exidx
 *(.ARM.exidx* .gnu.linkonce.armexidx.*)
                0x08002668                __exidx_end = .
                0x08002668                . = ALIGN (0x4)
                0x08002668                _etext = .
                0x08002668                __etext = .

.data_CCMRAM    0x00000000        0x0 load address 0x08002668
 FILL mask 0xff
 *(.data.CCMRAM .data.CCMRAM.*)
                0x00000000                . = ALIGN (0x4)
                0x08002668                _sidata = LOADADDR (.data)

.data           0x20000000       0x88 load address 0x08002668
 FILL mask 0xff
                0x20000000                _sdata = .
                0x20000000                __data_start__ = .
 *(.data_begin .data_begin.*)
 .data_begin    0x20000000        0x4 ./system/src/newlib/_startup.o
 *(.data .data.*)
 .data.argv.4310
                0x20000004        0x8 ./system/src/newlib/_syscalls.o
 .data.AHBPrescTable
                0x2000000c       0x10 ./system/src/cmsis/system_stm32f10x.o
                0x2000000c                AHBPrescTable
 .data.SystemCoreClock
                0x2000001c        0x4 ./system/src/cmsis/system_stm32f10x.o
                0x2000001c                SystemCoreClock
 .data._impure_ptr
                0x20000020        0x4 d:/iti/01-assaf/arm_sdk/winarm/armgcc/bin/../lib/gcc/arm-none-eabi/7.2.1/../../../../arm-none-eabi/lib/thumb/v7-m\libg_nano.a(lib_a-impure.o)
                0x20000020                _impure_ptr
 .data.impure_data
                0x20000024       0x60 d:/iti/01-assaf/arm_sdk/winarm/armgcc/bin/../lib/gcc/arm-none-eabi/7.2.1/../../../../arm-none-eabi/lib/thumb/v7-m\libg_nano.a(lib_a-impure.o)
 *(.data_end .data_end.*)
 .data_end      0x20000084        0x4 ./system/src/newlib/_startup.o
                0x20000088                . = ALIGN (0x4)
                0x20000088                _edata = .
                0x20000088                __data_end__ = .

.igot.plt       0x20000088        0x0 load address 0x080026f0
 .igot.plt      0x20000088        0x0 ./system/src/newlib/_exit.o

.Marker         0x08004c00        0x8
                0x08004c00                _smarker_ = .
 *(.Marker)
 .Marker        0x08004c00        0x8 ./src/main.o
                0x08004c00                mymarker
                0x08004c04                EntryPoint
                0x08004c08                _emarker_ = .

.bss_CCMRAM     0x00000000        0x0
 *(.bss.CCMRAM .bss.CCMRAM.*)

.bss            0x20000088      0x1f0
                0x20000088                __bss_start__ = .
                0x20000088                _sbss = .
 *(.bss_begin .bss_begin.*)
 .bss_begin     0x20000088        0x4 ./system/src/newlib/_startup.o
 *(.bss .bss.*)
 .bss.current_heap_end.3961
                0x2000008c        0x4 ./system/src/newlib/_sbrk.o
 .bss.name.4309
                0x20000090        0x1 ./system/src/newlib/_syscalls.o
 *fill*         0x20000091        0x3 
 .bss.buf.5205  0x20000094       0x80 ./system/src/diag/Trace.o
 .bss.G_u16nBuffer
                0x20000114        0x8 ./src/ESP8266_program.o
                0x20000114                G_u16nBuffer
 .bss.G_u8Flag  0x2000011c        0x1 ./src/ESP8266_program.o
                0x2000011c                G_u8Flag
 .bss.G_u8Flag1
                0x2000011d        0x1 ./src/ESP8266_program.o
                0x2000011d                G_u8Flag1
 .bss.local_u8Counter.3777
                0x2000011e        0x1 ./src/ESP8266_program.o
 .bss.local_u8Counter.3806
                0x2000011f        0x1 ./src/ESP8266_program.o
 .bss.local_u8Counter.3817
                0x20000120        0x1 ./src/ESP8266_program.o
 .bss.local_u8ForLoopCounter1.3778
                0x20000121        0x1 ./src/ESP8266_program.o
 .bss.local_u8ForLoopCounter2.3779
                0x20000122        0x1 ./src/ESP8266_program.o
 .bss.local_u8Index.3776
                0x20000123        0x1 ./src/ESP8266_program.o
 .bss.local_u8Index.3805
                0x20000124        0x1 ./src/ESP8266_program.o
 .bss.local_u8Index.3816
                0x20000125        0x1 ./src/ESP8266_program.o
 *fill*         0x20000126        0x2 
 .bss.appRxNotify
                0x20000128       0x14 ./src/HUSART_program.o
 .bss.appTxNotify
                0x2000013c       0x14 ./src/HUSART_program.o
 .bss.rxBuffer  0x20000150       0x50 ./src/HUSART_program.o
 .bss.txBuffer  0x200001a0       0x50 ./src/HUSART_program.o
 .bss.__malloc_free_list
                0x200001f0        0x4 d:/iti/01-assaf/arm_sdk/winarm/armgcc/bin/../lib/gcc/arm-none-eabi/7.2.1/../../../../arm-none-eabi/lib/thumb/v7-m\libg_nano.a(lib_a-nano-mallocr.o)
                0x200001f0                __malloc_free_list
 .bss.__malloc_sbrk_start
                0x200001f4        0x4 d:/iti/01-assaf/arm_sdk/winarm/armgcc/bin/../lib/gcc/arm-none-eabi/7.2.1/../../../../arm-none-eabi/lib/thumb/v7-m\libg_nano.a(lib_a-nano-mallocr.o)
                0x200001f4                __malloc_sbrk_start
 *(COMMON)
 COMMON         0x200001f8        0x4 ./system/src/newlib/_syscalls.o
                0x200001f8                errno
 COMMON         0x200001fc       0x78 ./src/ESP8266_program.o
                0x200001fc                G_a4u8AppBuffer
                0x20000200                RxCBF
                0x20000204                G_u8RxByte
                0x20000208                G_pu8DataPointer
                0x2000020c                G_u8RxBuffer
                0x20000270                G_pu16SizePointer
 *(.bss_end .bss_end.*)
 .bss_end       0x20000274        0x4 ./system/src/newlib/_startup.o
                0x20000278                . = ALIGN (0x4)
                0x20000278                __bss_end__ = .
                0x20000278                _ebss = .

.noinit_CCMRAM
 *(.noinit.CCMRAM .noinit.CCMRAM.*)

.noinit         0x20000278        0x0
                0x20000278                _noinit = .
 *(.noinit .noinit.*)
                0x20000278                . = ALIGN (0x4)
                0x20000278                _end_noinit = .
                [!provide]                PROVIDE (end, _end_noinit)
                [!provide]                PROVIDE (_end, _end_noinit)
                [!provide]                PROVIDE (__end, _end_noinit)
                [!provide]                PROVIDE (__end__, _end_noinit)

._check_stack   0x20000278      0x100
                0x20000378                . = (. + _Minimum_Stack_Size)
 *fill*         0x20000278      0x100 

.b1text
 *(.b1text)
 *(.b1rodata)
 *(.b1rodata.*)

.eb0text
 *(.eb0text)
 *(.eb0rodata)
 *(.eb0rodata.*)

.eb1text
 *(.eb1text)
 *(.eb1rodata)
 *(.eb1rodata.*)

.eb2text
 *(.eb2text)
 *(.eb2rodata)
 *(.eb2rodata.*)

.eb3text
 *(.eb3text)
 *(.eb3rodata)
 *(.eb3rodata.*)

.stab
 *(.stab)

.stabstr
 *(.stabstr)

.stab.excl
 *(.stab.excl)

.stab.exclstr
 *(.stab.exclstr)

.stab.index
 *(.stab.index)

.stab.indexstr
 *(.stab.indexstr)

.comment        0x00000000       0x7e
 *(.comment)
 .comment       0x00000000       0x7e ./system/src/newlib/_exit.o
                                 0x7f (size before relaxing)
 .comment       0x0000007e       0x7f ./system/src/newlib/_sbrk.o
 .comment       0x0000007e       0x7f ./system/src/newlib/_startup.o
 .comment       0x0000007e       0x7f ./system/src/newlib/_syscalls.o
 .comment       0x0000007e       0x7f ./system/src/diag/Trace.o
 .comment       0x0000007e       0x7f ./system/src/diag/trace_impl.o
 .comment       0x0000007e       0x7f ./system/src/cortexm/_initialize_hardware.o
 .comment       0x0000007e       0x7f ./system/src/cortexm/exception_handlers.o
 .comment       0x0000007e       0x7f ./system/src/cmsis/system_stm32f10x.o
 .comment       0x0000007e       0x7f ./system/src/cmsis/vectors_stm32f10x.o
 .comment       0x0000007e       0x7f ./src/ESP8266_program.o
 .comment       0x0000007e       0x7f ./src/FLASH.o
 .comment       0x0000007e       0x7f ./src/GPIO_program.o
 .comment       0x0000007e       0x7f ./src/HEX_PARSER.o
 .comment       0x0000007e       0x7f ./src/HUSART_program.o
 .comment       0x0000007e       0x7f ./src/NVIC_program.o
 .comment       0x0000007e       0x7f ./src/RCC_program.o
 .comment       0x0000007e       0x7f ./src/USART_program.o
 .comment       0x0000007e       0x7f ./src/main.o

.ARM.attributes
                0x00000000       0x31
 .ARM.attributes
                0x00000000       0x33 ./system/src/newlib/_exit.o
 .ARM.attributes
                0x00000033       0x33 ./system/src/newlib/_sbrk.o
 .ARM.attributes
                0x00000066       0x33 ./system/src/newlib/_startup.o
 .ARM.attributes
                0x00000099       0x33 ./system/src/newlib/_syscalls.o
 .ARM.attributes
                0x000000cc       0x33 ./system/src/diag/Trace.o
 .ARM.attributes
                0x000000ff       0x33 ./system/src/diag/trace_impl.o
 .ARM.attributes
                0x00000132       0x33 ./system/src/cortexm/_initialize_hardware.o
 .ARM.attributes
                0x00000165       0x33 ./system/src/cortexm/exception_handlers.o
 .ARM.attributes
                0x00000198       0x33 ./system/src/cmsis/system_stm32f10x.o
 .ARM.attributes
                0x000001cb       0x33 ./system/src/cmsis/vectors_stm32f10x.o
 .ARM.attributes
                0x000001fe       0x33 ./src/ESP8266_program.o
 .ARM.attributes
                0x00000231       0x33 ./src/FLASH.o
 .ARM.attributes
                0x00000264       0x33 ./src/GPIO_program.o
 .ARM.attributes
                0x00000297       0x33 ./src/HEX_PARSER.o
 .ARM.attributes
                0x000002ca       0x33 ./src/HUSART_program.o
 .ARM.attributes
                0x000002fd       0x33 ./src/NVIC_program.o
 .ARM.attributes
                0x00000330       0x33 ./src/RCC_program.o
 .ARM.attributes
                0x00000363       0x33 ./src/USART_program.o
 .ARM.attributes
                0x00000396       0x33 ./src/main.o
 .ARM.attributes
                0x000003c9       0x2d d:/iti/01-assaf/arm_sdk/winarm/armgcc/bin/../lib/gcc/arm-none-eabi/7.2.1/../../../../arm-none-eabi/lib/thumb/v7-m\libg_nano.a(lib_a-errno.o)
 .ARM.attributes
                0x000003f6       0x2d d:/iti/01-assaf/arm_sdk/winarm/armgcc/bin/../lib/gcc/arm-none-eabi/7.2.1/../../../../arm-none-eabi/lib/thumb/v7-m\libg_nano.a(lib_a-impure.o)
 .ARM.attributes
                0x00000423       0x2d d:/iti/01-assaf/arm_sdk/winarm/armgcc/bin/../lib/gcc/arm-none-eabi/7.2.1/../../../../arm-none-eabi/lib/thumb/v7-m\libg_nano.a(lib_a-memset.o)
 .ARM.attributes
                0x00000450       0x2d d:/iti/01-assaf/arm_sdk/winarm/armgcc/bin/../lib/gcc/arm-none-eabi/7.2.1/../../../../arm-none-eabi/lib/thumb/v7-m\libg_nano.a(lib_a-vsnprintf.o)
 .ARM.attributes
                0x0000047d       0x2d d:/iti/01-assaf/arm_sdk/winarm/armgcc/bin/../lib/gcc/arm-none-eabi/7.2.1/../../../../arm-none-eabi/lib/thumb/v7-m\libg_nano.a(lib_a-nano-svfprintf.o)
 .ARM.attributes
                0x000004aa       0x2d d:/iti/01-assaf/arm_sdk/winarm/armgcc/bin/../lib/gcc/arm-none-eabi/7.2.1/../../../../arm-none-eabi/lib/thumb/v7-m\libg_nano.a(lib_a-nano-vfprintf_i.o)
 .ARM.attributes
                0x000004d7       0x2d d:/iti/01-assaf/arm_sdk/winarm/armgcc/bin/../lib/gcc/arm-none-eabi/7.2.1/../../../../arm-none-eabi/lib/thumb/v7-m\libg_nano.a(lib_a-memchr-stub.o)
 .ARM.attributes
                0x00000504       0x2d d:/iti/01-assaf/arm_sdk/winarm/armgcc/bin/../lib/gcc/arm-none-eabi/7.2.1/../../../../arm-none-eabi/lib/thumb/v7-m\libg_nano.a(lib_a-memcpy-stub.o)
 .ARM.attributes
                0x00000531       0x2d d:/iti/01-assaf/arm_sdk/winarm/armgcc/bin/../lib/gcc/arm-none-eabi/7.2.1/../../../../arm-none-eabi/lib/thumb/v7-m\libg_nano.a(lib_a-memmove.o)
 .ARM.attributes
                0x0000055e       0x2d d:/iti/01-assaf/arm_sdk/winarm/armgcc/bin/../lib/gcc/arm-none-eabi/7.2.1/../../../../arm-none-eabi/lib/thumb/v7-m\libg_nano.a(lib_a-nano-freer.o)
 .ARM.attributes
                0x0000058b       0x2d d:/iti/01-assaf/arm_sdk/winarm/armgcc/bin/../lib/gcc/arm-none-eabi/7.2.1/../../../../arm-none-eabi/lib/thumb/v7-m\libg_nano.a(lib_a-nano-mallocr.o)
 .ARM.attributes
                0x000005b8       0x2d d:/iti/01-assaf/arm_sdk/winarm/armgcc/bin/../lib/gcc/arm-none-eabi/7.2.1/../../../../arm-none-eabi/lib/thumb/v7-m\libg_nano.a(lib_a-nano-reallocr.o)
 .ARM.attributes
                0x000005e5       0x2d d:/iti/01-assaf/arm_sdk/winarm/armgcc/bin/../lib/gcc/arm-none-eabi/7.2.1/../../../../arm-none-eabi/lib/thumb/v7-m\libg_nano.a(lib_a-sbrkr.o)
 .ARM.attributes
                0x00000612       0x2d d:/iti/01-assaf/arm_sdk/winarm/armgcc/bin/../lib/gcc/arm-none-eabi/7.2.1/../../../../arm-none-eabi/lib/thumb/v7-m\libg_nano.a(lib_a-mlock.o)
 .ARM.attributes
                0x0000063f       0x2d d:/iti/01-assaf/arm_sdk/winarm/armgcc/bin/../lib/gcc/arm-none-eabi/7.2.1/../../../../arm-none-eabi/lib/thumb/v7-m\libg_nano.a(lib_a-nano-msizer.o)

.debug
 *(.debug)

.line
 *(.line)

.debug_srcinfo
 *(.debug_srcinfo)

.debug_sfnames
 *(.debug_sfnames)

.debug_aranges  0x00000000      0x528
 *(.debug_aranges)
 .debug_aranges
                0x00000000       0x28 ./system/src/newlib/_exit.o
 .debug_aranges
                0x00000028       0x20 ./system/src/newlib/_sbrk.o
 .debug_aranges
                0x00000048       0x40 ./system/src/newlib/_startup.o
 .debug_aranges
                0x00000088       0x30 ./system/src/newlib/_syscalls.o
 .debug_aranges
                0x000000b8       0x38 ./system/src/diag/Trace.o
 .debug_aranges
                0x000000f0       0x30 ./system/src/diag/trace_impl.o
 .debug_aranges
                0x00000120       0x28 ./system/src/cortexm/_initialize_hardware.o
 .debug_aranges
                0x00000148       0x90 ./system/src/cortexm/exception_handlers.o
 .debug_aranges
                0x000001d8       0x38 ./system/src/cmsis/system_stm32f10x.o
 .debug_aranges
                0x00000210       0x20 ./system/src/cmsis/vectors_stm32f10x.o
 .debug_aranges
                0x00000230       0x80 ./src/ESP8266_program.o
 .debug_aranges
                0x000002b0       0x48 ./src/FLASH.o
 .debug_aranges
                0x000002f8       0x30 ./src/GPIO_program.o
 .debug_aranges
                0x00000328       0x20 ./src/HEX_PARSER.o
 .debug_aranges
                0x00000348       0x60 ./src/HUSART_program.o
 .debug_aranges
                0x000003a8       0x68 ./src/NVIC_program.o
 .debug_aranges
                0x00000410       0x98 ./src/RCC_program.o
 .debug_aranges
                0x000004a8       0x58 ./src/USART_program.o
 .debug_aranges
                0x00000500       0x28 ./src/main.o

.debug_pubnames
 *(.debug_pubnames)

.debug_info     0x00000000     0x814d
 *(.debug_info .gnu.linkonce.wi.*)
 .debug_info    0x00000000      0x956 ./system/src/newlib/_exit.o
 .debug_info    0x00000956      0x942 ./system/src/newlib/_sbrk.o
 .debug_info    0x00001298      0x42e ./system/src/newlib/_startup.o
 .debug_info    0x000016c6      0xa19 ./system/src/newlib/_syscalls.o
 .debug_info    0x000020df      0xb2a ./system/src/diag/Trace.o
 .debug_info    0x00002c09      0x363 ./system/src/diag/trace_impl.o
 .debug_info    0x00002f6c      0x2b5 ./system/src/cortexm/_initialize_hardware.o
 .debug_info    0x00003221     0x1140 ./system/src/cortexm/exception_handlers.o
 .debug_info    0x00004361      0x494 ./system/src/cmsis/system_stm32f10x.o
 .debug_info    0x000047f5       0xca ./system/src/cmsis/vectors_stm32f10x.o
 .debug_info    0x000048bf      0xa4f ./src/ESP8266_program.o
 .debug_info    0x0000530e      0x27d ./src/FLASH.o
 .debug_info    0x0000558b      0x247 ./src/GPIO_program.o
 .debug_info    0x000057d2       0xe3 ./src/HEX_PARSER.o
 .debug_info    0x000058b5      0x881 ./src/HUSART_program.o
 .debug_info    0x00006136     0x1286 ./src/NVIC_program.o
 .debug_info    0x000073bc      0x49b ./src/RCC_program.o
 .debug_info    0x00007857      0x340 ./src/USART_program.o
 .debug_info    0x00007b97      0x5b6 ./src/main.o

.debug_abbrev   0x00000000     0x1cb1
 *(.debug_abbrev)
 .debug_abbrev  0x00000000      0x1f3 ./system/src/newlib/_exit.o
 .debug_abbrev  0x000001f3      0x1fc ./system/src/newlib/_sbrk.o
 .debug_abbrev  0x000003ef      0x1b3 ./system/src/newlib/_startup.o
 .debug_abbrev  0x000005a2      0x234 ./system/src/newlib/_syscalls.o
 .debug_abbrev  0x000007d6      0x276 ./system/src/diag/Trace.o
 .debug_abbrev  0x00000a4c      0x1e2 ./system/src/diag/trace_impl.o
 .debug_abbrev  0x00000c2e       0xea ./system/src/cortexm/_initialize_hardware.o
 .debug_abbrev  0x00000d18      0x32b ./system/src/cortexm/exception_handlers.o
 .debug_abbrev  0x00001043      0x177 ./system/src/cmsis/system_stm32f10x.o
 .debug_abbrev  0x000011ba       0x9d ./system/src/cmsis/vectors_stm32f10x.o
 .debug_abbrev  0x00001257      0x1a3 ./src/ESP8266_program.o
 .debug_abbrev  0x000013fa       0xfe ./src/FLASH.o
 .debug_abbrev  0x000014f8       0xf8 ./src/GPIO_program.o
 .debug_abbrev  0x000015f0       0x7f ./src/HEX_PARSER.o
 .debug_abbrev  0x0000166f      0x18d ./src/HUSART_program.o
 .debug_abbrev  0x000017fc      0x133 ./src/NVIC_program.o
 .debug_abbrev  0x0000192f      0x11e ./src/RCC_program.o
 .debug_abbrev  0x00001a4d      0x104 ./src/USART_program.o
 .debug_abbrev  0x00001b51      0x160 ./src/main.o

.debug_line     0x00000000     0x3521
 *(.debug_line)
 .debug_line    0x00000000      0x30f ./system/src/newlib/_exit.o
 .debug_line    0x0000030f      0x2c3 ./system/src/newlib/_sbrk.o
 .debug_line    0x000005d2      0x37d ./system/src/newlib/_startup.o
 .debug_line    0x0000094f      0x3c9 ./system/src/newlib/_syscalls.o
 .debug_line    0x00000d18      0x38b ./system/src/diag/Trace.o
 .debug_line    0x000010a3      0x5f8 ./system/src/diag/trace_impl.o
 .debug_line    0x0000169b      0x364 ./system/src/cortexm/_initialize_hardware.o
 .debug_line    0x000019ff      0x6ba ./system/src/cortexm/exception_handlers.o
 .debug_line    0x000020b9      0x3d7 ./system/src/cmsis/system_stm32f10x.o
 .debug_line    0x00002490       0xf0 ./system/src/cmsis/vectors_stm32f10x.o
 .debug_line    0x00002580      0x36e ./src/ESP8266_program.o
 .debug_line    0x000028ee      0x12b ./src/FLASH.o
 .debug_line    0x00002a19       0xc4 ./src/GPIO_program.o
 .debug_line    0x00002add       0xa1 ./src/HEX_PARSER.o
 .debug_line    0x00002b7e      0x272 ./src/HUSART_program.o
 .debug_line    0x00002df0      0x218 ./src/NVIC_program.o
 .debug_line    0x00003008      0x226 ./src/RCC_program.o
 .debug_line    0x0000322e      0x163 ./src/USART_program.o
 .debug_line    0x00003391      0x190 ./src/main.o

.debug_frame    0x00000000      0xdb0
 *(.debug_frame)
 .debug_frame   0x00000000       0x38 ./system/src/newlib/_exit.o
 .debug_frame   0x00000038       0x28 ./system/src/newlib/_sbrk.o
 .debug_frame   0x00000060       0x7c ./system/src/newlib/_startup.o
 .debug_frame   0x000000dc       0x50 ./system/src/newlib/_syscalls.o
 .debug_frame   0x0000012c       0x94 ./system/src/diag/Trace.o
 .debug_frame   0x000001c0       0x64 ./system/src/diag/trace_impl.o
 .debug_frame   0x00000224       0x40 ./system/src/cortexm/_initialize_hardware.o
 .debug_frame   0x00000264      0x158 ./system/src/cortexm/exception_handlers.o
 .debug_frame   0x000003bc       0x6c ./system/src/cmsis/system_stm32f10x.o
 .debug_frame   0x00000428       0x20 ./system/src/cmsis/vectors_stm32f10x.o
 .debug_frame   0x00000448      0x16c ./src/ESP8266_program.o
 .debug_frame   0x000005b4       0x7c ./src/FLASH.o
 .debug_frame   0x00000630       0x4c ./src/GPIO_program.o
 .debug_frame   0x0000067c       0x38 ./src/HEX_PARSER.o
 .debug_frame   0x000006b4      0x110 ./src/HUSART_program.o
 .debug_frame   0x000007c4       0xc4 ./src/NVIC_program.o
 .debug_frame   0x00000888      0x140 ./src/RCC_program.o
 .debug_frame   0x000009c8       0x9c ./src/USART_program.o
 .debug_frame   0x00000a64       0x3c ./src/main.o
 .debug_frame   0x00000aa0       0x20 d:/iti/01-assaf/arm_sdk/winarm/armgcc/bin/../lib/gcc/arm-none-eabi/7.2.1/../../../../arm-none-eabi/lib/thumb/v7-m\libg_nano.a(lib_a-errno.o)
 .debug_frame   0x00000ac0       0x20 d:/iti/01-assaf/arm_sdk/winarm/armgcc/bin/../lib/gcc/arm-none-eabi/7.2.1/../../../../arm-none-eabi/lib/thumb/v7-m\libg_nano.a(lib_a-memset.o)
 .debug_frame   0x00000ae0       0x4c d:/iti/01-assaf/arm_sdk/winarm/armgcc/bin/../lib/gcc/arm-none-eabi/7.2.1/../../../../arm-none-eabi/lib/thumb/v7-m\libg_nano.a(lib_a-vsnprintf.o)
 .debug_frame   0x00000b2c       0x90 d:/iti/01-assaf/arm_sdk/winarm/armgcc/bin/../lib/gcc/arm-none-eabi/7.2.1/../../../../arm-none-eabi/lib/thumb/v7-m\libg_nano.a(lib_a-nano-svfprintf.o)
 .debug_frame   0x00000bbc       0x60 d:/iti/01-assaf/arm_sdk/winarm/armgcc/bin/../lib/gcc/arm-none-eabi/7.2.1/../../../../arm-none-eabi/lib/thumb/v7-m\libg_nano.a(lib_a-nano-vfprintf_i.o)
 .debug_frame   0x00000c1c       0x28 d:/iti/01-assaf/arm_sdk/winarm/armgcc/bin/../lib/gcc/arm-none-eabi/7.2.1/../../../../arm-none-eabi/lib/thumb/v7-m\libg_nano.a(lib_a-memchr-stub.o)
 .debug_frame   0x00000c44       0x28 d:/iti/01-assaf/arm_sdk/winarm/armgcc/bin/../lib/gcc/arm-none-eabi/7.2.1/../../../../arm-none-eabi/lib/thumb/v7-m\libg_nano.a(lib_a-memcpy-stub.o)
 .debug_frame   0x00000c6c       0x28 d:/iti/01-assaf/arm_sdk/winarm/armgcc/bin/../lib/gcc/arm-none-eabi/7.2.1/../../../../arm-none-eabi/lib/thumb/v7-m\libg_nano.a(lib_a-memmove.o)
 .debug_frame   0x00000c94       0x38 d:/iti/01-assaf/arm_sdk/winarm/armgcc/bin/../lib/gcc/arm-none-eabi/7.2.1/../../../../arm-none-eabi/lib/thumb/v7-m\libg_nano.a(lib_a-nano-freer.o)
 .debug_frame   0x00000ccc       0x2c d:/iti/01-assaf/arm_sdk/winarm/armgcc/bin/../lib/gcc/arm-none-eabi/7.2.1/../../../../arm-none-eabi/lib/thumb/v7-m\libg_nano.a(lib_a-nano-mallocr.o)
 .debug_frame   0x00000cf8       0x3c d:/iti/01-assaf/arm_sdk/winarm/armgcc/bin/../lib/gcc/arm-none-eabi/7.2.1/../../../../arm-none-eabi/lib/thumb/v7-m\libg_nano.a(lib_a-nano-reallocr.o)
 .debug_frame   0x00000d34       0x2c d:/iti/01-assaf/arm_sdk/winarm/armgcc/bin/../lib/gcc/arm-none-eabi/7.2.1/../../../../arm-none-eabi/lib/thumb/v7-m\libg_nano.a(lib_a-sbrkr.o)
 .debug_frame   0x00000d60       0x30 d:/iti/01-assaf/arm_sdk/winarm/armgcc/bin/../lib/gcc/arm-none-eabi/7.2.1/../../../../arm-none-eabi/lib/thumb/v7-m\libg_nano.a(lib_a-mlock.o)
 .debug_frame   0x00000d90       0x20 d:/iti/01-assaf/arm_sdk/winarm/armgcc/bin/../lib/gcc/arm-none-eabi/7.2.1/../../../../arm-none-eabi/lib/thumb/v7-m\libg_nano.a(lib_a-nano-msizer.o)

.debug_str      0x00000000    0x59138
 *(.debug_str)
 .debug_str     0x00000000     0x7d1b ./system/src/newlib/_exit.o
                               0x7eee (size before relaxing)
 .debug_str     0x00007d1b      0x4f5 ./system/src/newlib/_sbrk.o
                               0x72a0 (size before relaxing)
 .debug_str     0x00008210      0xbbd ./system/src/newlib/_startup.o
                               0x69db (size before relaxing)
 .debug_str     0x00008dcd      0xe8b ./system/src/newlib/_syscalls.o
                               0x817b (size before relaxing)
 .debug_str     0x00009c58      0x826 ./system/src/diag/Trace.o
                               0x8666 (size before relaxing)
 .debug_str     0x0000a47e    0x4b2b9 ./system/src/diag/trace_impl.o
                              0x52a4c (size before relaxing)
 .debug_str     0x00055737       0xbe ./system/src/cortexm/_initialize_hardware.o
                              0x4e83d (size before relaxing)
 .debug_str     0x000557f5      0x1a6 ./system/src/cortexm/exception_handlers.o
                              0x53c71 (size before relaxing)
 .debug_str     0x0005599b       0xe6 ./system/src/cmsis/system_stm32f10x.o
                              0x4e8d7 (size before relaxing)
 .debug_str     0x00055a81       0x57 ./system/src/cmsis/vectors_stm32f10x.o
                               0x387c (size before relaxing)
 .debug_str     0x00055ad8      0x9b0 ./src/ESP8266_program.o
                               0x3771 (size before relaxing)
 .debug_str     0x00056488      0x2d0 ./src/FLASH.o
                               0x3101 (size before relaxing)
 .debug_str     0x00056758      0x596 ./src/GPIO_program.o
                               0x338d (size before relaxing)
 .debug_str     0x00056cee       0x9c ./src/HEX_PARSER.o
                               0x2e7c (size before relaxing)
 .debug_str     0x00056d8a      0xef4 ./src/HUSART_program.o
                               0x436a (size before relaxing)
 .debug_str     0x00057c7e      0xa68 ./src/NVIC_program.o
                               0x3e86 (size before relaxing)
 .debug_str     0x000586e6      0x457 ./src/RCC_program.o
                               0x35e7 (size before relaxing)
 .debug_str     0x00058b3d      0x43f ./src/USART_program.o
                               0x3899 (size before relaxing)
 .debug_str     0x00058f7c      0x1bc ./src/main.o
                               0x39bd (size before relaxing)

.debug_loc      0x00000000     0x26e7
 *(.debug_loc)
 .debug_loc     0x00000000       0x85 ./system/src/newlib/_sbrk.o
 .debug_loc     0x00000085      0x1a9 ./system/src/newlib/_startup.o
 .debug_loc     0x0000022e       0x63 ./system/src/newlib/_syscalls.o
 .debug_loc     0x00000291       0xf6 ./system/src/diag/Trace.o
 .debug_loc     0x00000387      0x121 ./system/src/diag/trace_impl.o
 .debug_loc     0x000004a8      0x291 ./system/src/cortexm/exception_handlers.o
 .debug_loc     0x00000739       0xdf ./system/src/cmsis/system_stm32f10x.o
 .debug_loc     0x00000818      0x25a ./src/ESP8266_program.o
 .debug_loc     0x00000a72      0x1c7 ./src/FLASH.o
 .debug_loc     0x00000c39      0x1a2 ./src/GPIO_program.o
 .debug_loc     0x00000ddb       0xc7 ./src/HEX_PARSER.o
 .debug_loc     0x00000ea2      0x4e0 ./src/HUSART_program.o
 .debug_loc     0x00001382      0xc3d ./src/NVIC_program.o
 .debug_loc     0x00001fbf      0x3d7 ./src/RCC_program.o
 .debug_loc     0x00002396      0x204 ./src/USART_program.o
 .debug_loc     0x0000259a      0x14d ./src/main.o

.debug_macinfo
 *(.debug_macinfo)

.debug_weaknames
 *(.debug_weaknames)

.debug_funcnames
 *(.debug_funcnames)

.debug_typenames
 *(.debug_typenames)

.debug_varnames
 *(.debug_varnames)
OUTPUT(STM32F10x_Bootloader.elf elf32-littlearm)

.debug_ranges   0x00000000      0x470
 .debug_ranges  0x00000000       0x18 ./system/src/newlib/_exit.o
 .debug_ranges  0x00000018       0x10 ./system/src/newlib/_sbrk.o
 .debug_ranges  0x00000028       0x78 ./system/src/newlib/_startup.o
 .debug_ranges  0x000000a0       0x20 ./system/src/newlib/_syscalls.o
 .debug_ranges  0x000000c0       0x28 ./system/src/diag/Trace.o
 .debug_ranges  0x000000e8       0x50 ./system/src/diag/trace_impl.o
 .debug_ranges  0x00000138       0x18 ./system/src/cortexm/_initialize_hardware.o
 .debug_ranges  0x00000150       0x80 ./system/src/cortexm/exception_handlers.o
 .debug_ranges  0x000001d0       0x28 ./system/src/cmsis/system_stm32f10x.o
 .debug_ranges  0x000001f8       0x10 ./system/src/cmsis/vectors_stm32f10x.o
 .debug_ranges  0x00000208       0x70 ./src/ESP8266_program.o
 .debug_ranges  0x00000278       0x38 ./src/FLASH.o
 .debug_ranges  0x000002b0       0x20 ./src/GPIO_program.o
 .debug_ranges  0x000002d0       0x10 ./src/HEX_PARSER.o
 .debug_ranges  0x000002e0       0x50 ./src/HUSART_program.o
 .debug_ranges  0x00000330       0x58 ./src/NVIC_program.o
 .debug_ranges  0x00000388       0x88 ./src/RCC_program.o
 .debug_ranges  0x00000410       0x48 ./src/USART_program.o
 .debug_ranges  0x00000458       0x18 ./src/main.o

.debug_macro    0x00000000     0x3317
 .debug_macro   0x00000000      0x1b4 ./system/src/newlib/_exit.o
 .debug_macro   0x000001b4       0x9c ./system/src/newlib/_exit.o
 .debug_macro   0x00000250      0x10e ./system/src/newlib/_exit.o
 .debug_macro   0x0000035e       0x8d ./system/src/newlib/_exit.o
 .debug_macro   0x000003eb       0x43 ./system/src/newlib/_exit.o
 .debug_macro   0x0000042e      0x330 ./system/src/newlib/_exit.o
 .debug_macro   0x0000075e       0x35 ./system/src/newlib/_exit.o
 .debug_macro   0x00000793      0x169 ./system/src/newlib/_sbrk.o
 .debug_macro   0x000008fc      0x174 ./system/src/newlib/_sbrk.o
 .debug_macro   0x00000a70       0x10 ./system/src/newlib/_sbrk.o
 .debug_macro   0x00000a80      0x23b ./system/src/newlib/_sbrk.o
 .debug_macro   0x00000cbb      0x173 ./system/src/newlib/_startup.o
 .debug_macro   0x00000e2e      0x217 ./system/src/newlib/_syscalls.o
 .debug_macro   0x00001045       0x1c ./system/src/newlib/_syscalls.o
 .debug_macro   0x00001061       0x10 ./system/src/newlib/_syscalls.o
 .debug_macro   0x00001071       0x10 ./system/src/newlib/_syscalls.o
 .debug_macro   0x00001081       0x10 ./system/src/newlib/_syscalls.o
 .debug_macro   0x00001091       0x35 ./system/src/newlib/_syscalls.o
 .debug_macro   0x000010c6      0x122 ./system/src/newlib/_syscalls.o
 .debug_macro   0x000011e8       0x88 ./system/src/newlib/_syscalls.o
 .debug_macro   0x00001270       0x2b ./system/src/newlib/_syscalls.o
 .debug_macro   0x0000129b      0x118 ./system/src/newlib/_syscalls.o
 .debug_macro   0x000013b3      0x189 ./system/src/newlib/_syscalls.o
 .debug_macro   0x0000153c       0x16 ./system/src/newlib/_syscalls.o
 .debug_macro   0x00001552      0x1fb ./system/src/diag/Trace.o
 .debug_macro   0x0000174d       0x16 ./system/src/diag/Trace.o
 .debug_macro   0x00001763       0x97 ./system/src/diag/Trace.o
 .debug_macro   0x000017fa       0xfd ./system/src/diag/Trace.o
 .debug_macro   0x000018f7       0x10 ./system/src/diag/Trace.o
 .debug_macro   0x00001907       0x16 ./system/src/diag/Trace.o
 .debug_macro   0x0000191d      0x16f ./system/src/diag/Trace.o
 .debug_macro   0x00001a8c       0x4c ./system/src/diag/Trace.o
 .debug_macro   0x00001ad8       0x16 ./system/src/diag/Trace.o
 .debug_macro   0x00001aee      0x2da ./system/src/diag/trace_impl.o
 .debug_macro   0x00001dc8       0x10 ./system/src/diag/trace_impl.o
 .debug_macro   0x00001dd8       0xcf ./system/src/diag/trace_impl.o
 .debug_macro   0x00001ea7       0xbe ./system/src/diag/trace_impl.o
 .debug_macro   0x00001f65       0x22 ./system/src/diag/trace_impl.o
 .debug_macro   0x00001f87      0x16b ./system/src/cortexm/_initialize_hardware.o
 .debug_macro   0x000020f2      0x324 ./system/src/cortexm/exception_handlers.o
 .debug_macro   0x00002416       0x3b ./system/src/cortexm/exception_handlers.o
 .debug_macro   0x00002451       0x10 ./system/src/cortexm/exception_handlers.o
 .debug_macro   0x00002461      0x16e ./system/src/cmsis/system_stm32f10x.o
 .debug_macro   0x000025cf       0x34 ./system/src/cmsis/vectors_stm32f10x.o
 .debug_macro   0x00002603      0x161 ./src/ESP8266_program.o
 .debug_macro   0x00002764       0x2e ./src/ESP8266_program.o
 .debug_macro   0x00002792       0x28 ./src/ESP8266_program.o
 .debug_macro   0x000027ba       0x3a ./src/ESP8266_program.o
 .debug_macro   0x000027f4       0x22 ./src/ESP8266_program.o
 .debug_macro   0x00002816       0x84 ./src/FLASH.o
 .debug_macro   0x0000289a       0x40 ./src/GPIO_program.o
 .debug_macro   0x000028da       0x22 ./src/GPIO_program.o
 .debug_macro   0x000028fc      0x142 ./src/GPIO_program.o
 .debug_macro   0x00002a3e       0x24 ./src/HEX_PARSER.o
 .debug_macro   0x00002a62       0x60 ./src/HUSART_program.o
 .debug_macro   0x00002ac2       0xbe ./src/HUSART_program.o
 .debug_macro   0x00002b80      0x148 ./src/HUSART_program.o
 .debug_macro   0x00002cc8      0x1b4 ./src/HUSART_program.o
 .debug_macro   0x00002e7c      0x118 ./src/HUSART_program.o
 .debug_macro   0x00002f94       0x3e ./src/NVIC_program.o
 .debug_macro   0x00002fd2       0xac ./src/RCC_program.o
 .debug_macro   0x0000307e       0x80 ./src/USART_program.o
 .debug_macro   0x000030fe      0x112 ./src/USART_program.o
 .debug_macro   0x00003210       0x40 ./src/USART_program.o
 .debug_macro   0x00003250       0x22 ./src/USART_program.o
 .debug_macro   0x00003272       0xa5 ./src/main.o
